Component: ARM Compiler 5.06 update 7 (build 960) Tool: armlink [4d3601]

==============================================================================

Section Cross References

    system_cms32m67xx.o(i.CLK_GetHocoFreq) refers to system_cms32m67xx.o(i.__ARM_common_switch8) for __ARM_common_switch8
    system_cms32m67xx.o(i.SystemCoreClockUpdate) refers to system_cms32m67xx.o(i.CLK_GetHocoFreq) for CLK_GetHocoFreq
    system_cms32m67xx.o(i.SystemCoreClockUpdate) refers to system_cms32m67xx.o(.data) for SystemCoreClock
    system_cms32m67xx.o(i.SystemInit) refers to system_cms32m67xx.o(i.CLK_GetHocoFreq) for CLK_GetHocoFreq
    system_cms32m67xx.o(i.SystemInit) refers to system_cms32m67xx.o(.data) for SystemCoreClock
    startup_cms32m67xx.o(STACK) refers (Special) to heapauxi.o(.text) for __use_two_region_memory
    startup_cms32m67xx.o(HEAP) refers (Special) to heapauxi.o(.text) for __use_two_region_memory
    startup_cms32m67xx.o(RESET) refers (Special) to heapauxi.o(.text) for __use_two_region_memory
    startup_cms32m67xx.o(RESET) refers to startup_cms32m67xx.o(STACK) for __initial_sp
    startup_cms32m67xx.o(RESET) refers to startup_cms32m67xx.o(.text) for Reset_Handler
    startup_cms32m67xx.o(RESET) refers to mappmain.o(i.SysTick_Handler) for SysTick_Handler
    startup_cms32m67xx.o(RESET) refers to mappmain.o(i.LVI_IRQHandler) for LVI_IRQHandler
    startup_cms32m67xx.o(RESET) refers to mappcomm.o(i.UART1_IRQHandler) for UART1_IRQHandler
    startup_cms32m67xx.o(RESET) refers to mctrlmain.o(i.TIMER0_IRQHandler) for TIMER0_IRQHandler
    startup_cms32m67xx.o(.text) refers (Special) to heapauxi.o(.text) for __use_two_region_memory
    startup_cms32m67xx.o(.text) refers to system_cms32m67xx.o(i.SystemInit) for SystemInit
    startup_cms32m67xx.o(.text) refers to __main.o(!!!main) for __main
    startup_cms32m67xx.o(.text) refers to startup_cms32m67xx.o(HEAP) for Heap_Mem
    startup_cms32m67xx.o(.text) refers to startup_cms32m67xx.o(STACK) for Stack_Mem
    drvformain.o(i.LVDConfiguration) refers to drvformain.o(i.NVIC_EnableIRQ) for NVIC_EnableIRQ
    drvformain.o(i.LVDConfiguration) refers to drvformain.o(i.NVIC_SetPriority) for NVIC_SetPriority
    drvformain.o(i.NVICConfiguration) refers to drvformain.o(i.NVIC_EnableIRQ) for NVIC_EnableIRQ
    drvformain.o(i.NVICConfiguration) refers to drvformain.o(i.NVIC_SetPriority) for NVIC_SetPriority
    drvformain.o(i.TMRConfiguration) refers to drvformain.o(i.NVIC_SetPriority) for NVIC_SetPriority
    drvforpanel.o(i.DoLedKeyScan) refers to system_cms32m67xx.o(i.__ARM_common_switch8) for __ARM_common_switch8
    drvforpanel.o(i.DoLedKeyScan) refers to drvforpanel.o(i.drvLightLed) for drvLightLed
    drvforpanel.o(i.DoLedKeyScan) refers to drvforpanel.o(.bss) for dtScan
    drvforpanel.o(i.DoLedKeyScan) refers to drvforpanel.o(.data) for count
    drvforpanel.o(i.GetMsgIfKeyIn) refers to drvforpanel.o(.bss) for dtScan
    drvforpanel.o(i.GetMsgKeyCnt) refers to drvforpanel.o(.bss) for dtScan
    drvforpanel.o(i.GetMsgKeyData) refers to drvforpanel.o(.bss) for dtScan
    drvforpanel.o(i.InitialKeyData) refers to drvforpanel.o(.bss) for dtScan
    drvforpanel.o(i.drvLightLed) refers to drvforpanel.o(i.SPI_Delay) for SPI_Delay
    drvforlha.o(i.LHA_WR_Data) refers to drvforlha.o(i.LHA_WR_Delay) for LHA_WR_Delay
    mappmain.o(i.GetErrorCode) refers to mappmain.o(.bss) for dtMain
    mappmain.o(i.LVI_IRQHandler) refers to mappmenu.o(i.SaveParaToRom) for SaveParaToRom
    mappmain.o(i.MappPowerOn) refers to system_cms32m67xx.o(i.__ARM_common_switch8) for __ARM_common_switch8
    mappmain.o(i.MappPowerOn) refers to mappmenu.o(i.MappMenu_Init) for MappMenu_Init
    mappmain.o(i.MappPowerOn) refers to mappcode.o(i.ReadCodeAtRom0) for ReadCodeAtRom0
    mappmain.o(i.MappPowerOn) refers to mappmenu.o(i.GetParaChkSum) for GetParaChkSum
    mappmain.o(i.MappPowerOn) refers to mappcode.o(i.ReadCodeAtRom1) for ReadCodeAtRom1
    mappmain.o(i.MappPowerOn) refers to mappcode.o(i.SaveCodeAtRom1) for SaveCodeAtRom1
    mappmain.o(i.MappPowerOn) refers to mappcode.o(i.SaveCodeAtRom0) for SaveCodeAtRom0
    mappmain.o(i.MappPowerOn) refers to mappmain.o(i.SetErrorCode) for SetErrorCode
    mappmain.o(i.MappPowerOn) refers to drvformain.o(i.NVICConfiguration) for NVICConfiguration
    mappmain.o(i.MappPowerOn) refers to mappmenu.o(i.SetCodeInitial) for SetCodeInitial
    mappmain.o(i.MappPowerOn) refers to drvformain.o(i.LVDConfiguration) for LVDConfiguration
    mappmain.o(i.MappPowerOn) refers to mctrlrxin.o(i.LHA7918_Init) for LHA7918_Init
    mappmain.o(i.MappPowerOn) refers to mappmain.o(.bss) for dtMain
    mappmain.o(i.MappPowerOn) refers to mappcode.o(.bss) for gParcode
    mappmain.o(i.MappTimeCnt) refers to mappmain.o(.bss) for dtSysTime
    mappmain.o(i.ResetErrCode) refers to mappmain.o(.bss) for dtMain
    mappmain.o(i.SetErrorCode) refers to mappshow.o(i.DispErrorCode) for DispErrorCode
[...]
    i.SetCommFlag                            0x00005f8c   Section        0  mappshow.o(i.SetCommFlag)
    i.SetCommFormat                          0x00005f98   Section        0  mappmenu.o(i.SetCommFormat)
    i.SetCommMode                            0x00005fa0   Section        0  mappmenu.o(i.SetCommMode)
    i.SetCommSpeed                           0x00005fa2   Section        0  mappmenu.o(i.SetCommSpeed)
    i.SetCommTimer                           0x00005faa   Section        0  mappmenu.o(i.SetCommTimer)
    i.SetCommXXFormat                        0x00005fac   Section        0  mappcomm.o(i.SetCommXXFormat)
    i.SetControlMode                         0x00006000   Section        0  mappmenu.o(i.SetControlMode)
    i.SetCoolAccRate                         0x00006002   Section        0  mappmenu.o(i.SetCoolAccRate)
    i.SetCoolAnlgErr                         0x0000600a   Section        0  mappmenu.o(i.SetCoolAnlgErr)
    i.SetCoolAnlgMax                         0x0000600c   Section        0  mappmenu.o(i.SetCoolAnlgMax)
    i.SetCoolAnlgMin                         0x0000600e   Section        0  mappmenu.o(i.SetCoolAnlgMin)
    i.SetCoolDecRate                         0x00006010   Section        0  mappmenu.o(i.SetCoolDecRate)
    i.SetCoolOutput                          0x00006018   Section        0  mappmenu.o(i.SetCoolOutput)
    i.SetCoolPeriod                          0x00006038   Section        0  mappmenu.o(i.SetCoolPeriod)
    i.SetCoolTmpToFed                        0x00006040   Section        0  mctrltemp.o(i.SetCoolTmpToFed)
    i.SetCoolTmpToRef                        0x00006064   Section        0  mctrltemp.o(i.SetCoolTmpToRef)
    i.SetCscdT2Limit                         0x00006088   Section        0  mappmenu.o(i.SetCscdT2Limit)
    i.SetCtrlMethod                          0x0000608c   Section        0  mappmenu.o(i.SetCtrlMethod)
    i.SetCtrlStyle                           0x000060a8   Section        0  mappmenu.o(i.SetCtrlStyle)
    i.SetDnErrWarn                           0x000060aa   Section        0  mappmenu.o(i.SetDnErrWarn)
    i.SetDnLmtWarn                           0x000060b2   Section        0  mappmenu.o(i.SetDnLmtWarn)
    i.SetErrCorrectedV                       0x000060b4   Section        0  mappmenu.o(i.SetErrCorrectedV)
    i.SetErrorCode                           0x000060b8   Section        0  mappmain.o(i.SetErrorCode)
    i.SetHeatAccRate                         0x00006214   Section        0  mappmenu.o(i.SetHeatAccRate)
    i.SetHeatAnlgErr                         0x0000621c   Section        0  mappmenu.o(i.SetHeatAnlgErr)
    i.SetHeatAnlgMax                         0x0000621e   Section        0  mappmenu.o(i.SetHeatAnlgMax)
    i.SetHeatAnlgMin                         0x00006220   Section        0  mappmenu.o(i.SetHeatAnlgMin)
    i.SetHeatCoolErr                         0x00006222   Section        0  mappmenu.o(i.SetHeatCoolErr)
    i.SetHeatCoolErrQv                       0x0000622c   Section        0  mctrlmain.o(i.SetHeatCoolErrQv)
    i.SetHeatDecRate                         0x00006250   Section        0  mappmenu.o(i.SetHeatDecRate)
    i.SetHeatOutput                          0x00006258   Section        0  mappmenu.o(i.SetHeatOutput)
    i.SetHeatPeriod                          0x00006278   Section        0  mappmenu.o(i.SetHeatPeriod)
    i.SetHeatTmpToFed                        0x00006280   Section        0  mctrltemp.o(i.SetHeatTmpToFed)
    i.SetHeatTmpToRef                        0x000062a4   Section        0  mctrltemp.o(i.SetHeatTmpToRef)
    i.SetInnerTemp                           0x000062c8   Section        0  mappmenu.o(i.SetInnerTemp)
    i.SetLockFlag                            0x000062e8   Section        0  mappshow.o(i.SetLockFlag)
    i.SetMnVertion                           0x000062f4   Section        0  mappmenu.o(i.SetMnVertion)
    i.SetOut1Flag                            0x000062f8   Section        0  mappshow.o(i.SetOut1Flag)
    i.SetOut2Flag                            0x00006374   Section        0  mappshow.o(i.SetOut2Flag)
    i.SetOutpDACxV                           0x00006398   Section        0  mctrloutp.o(i.SetOutpDACxV)
    i.SetOutpDC12V                           0x000063d0   Section        0  mctrloutp.o(i.SetOutpDC12V)
    i.SetOutpRelay                           0x00006410   Section        0  mctrloutp.o(i.SetOutpRelay)
    i.SetOutpTmpToRef                        0x00006434   Section        0  mctrlmain.o(i.SetOutpTmpToRef)
    i.SetOutputSwitch                        0x00006458   Section        0  mctrlmain.o(i.SetOutputSwitch)
    i.SetParaDefault                         0x000064bc   Section        0  mappmenu.o(i.SetParaDefault)
    i.SetParameterCode                       0x000064e4   Section        0  mappmenu.o(i.SetParameterCode)
    i.SetRstDefault                          0x00006558   Section        0  mappmenu.o(i.SetRstDefault)
    i.SetRxINTmpToFed                        0x0000656c   Section        0  mctrlmain.o(i.SetRxINTmpToFed)
    i.SetRxINTmpToSub                        0x00006598   Section        0  mctrlmain.o(i.SetRxINTmpToSub)
    i.SetSensorType                          0x000065f4   Section        0  mappmenu.o(i.SetSensorType)
    i.SetSwVertion                           0x00006788   Section        0  mappmenu.o(i.SetSwVertion)
    i.SetTempFlag                            0x0000678c   Section        0  mappshow.o(i.SetTempFlag)
    i.SetTemperatxUnit                       0x00006798   Section        0  mappmenu.o(i.SetTemperatxUnit)
    i.SetTmpDnLimit                          0x0000681c   Section        0  mappmenu.o(i.SetTmpDnLimit)
    i.SetTmpSetLock                          0x0000691c   Section        0  mappmenu.o(i.SetTmpSetLock)
    i.SetTmpUpLimit                          0x00006938   Section        0  mappmenu.o(i.SetTmpUpLimit)
    i.SetUpDnErrWarnQv                       0x00006a38   Section        0  mctrlwarn.o(i.SetUpDnErrWarnQv)
    i.SetUpErrWarn                           0x00006a70   Section        0  mappmenu.o(i.SetUpErrWarn)
    i.SetUpLmtWarn                           0x00006a78   Section        0  mappmenu.o(i.SetUpLmtWarn)
    i.SetWarnReset                           0x00006a7a   Section        0  mappmenu.o(i.SetWarnReset)
    i.SetWarnSwitch                          0x00006a7c   Section        0  mappmenu.o(i.SetWarnSwitch)
    i.SetXRunSwitch                          0x00006a7e   Section        0  mappmenu.o(i.SetXRunSwitch)
    i.SetqPID01Kd                            0x00006a80   Section        0  mappmenu.o(i.SetqPID01Kd)
    i.SetqPID01Ki                            0x00006a88   Section        0  mappmenu.o(i.SetqPID01Ki)
    i.SetqPID01Kp                            0x00006a90   Section        0  mappmenu.o(i.SetqPID01Kp)
    i.SetqPID02Kd                            0x00006a98   Section        0  mappmenu.o(i.SetqPID02Kd)
    i.SetqPID02Ki                            0x00006aa0   Section        0  mappmenu.o(i.SetqPID02Ki)
    i.SetqPID02Kp                            0x00006aa8   Section        0  mappmenu.o(i.SetqPID02Kp)
    i.SetqPID11Kd                            0x00006ab0   Section        0  mappmenu.o(i.SetqPID11Kd)
    i.SetqPID11Ki                            0x00006ab8   Section        0  mappmenu.o(i.SetqPID11Ki)
    i.SetqPID11Kp                            0x00006ac0   Section        0  mappmenu.o(i.SetqPID11Kp)
    i.SysTick_Handler                        0x00006ac8   Section        0  mappmain.o(i.SysTick_Handler)
    i.SystemInit                             0x00006ad8   Section        0  system_cms32m67xx.o(i.SystemInit)
    i.T1TempValue                            0x00006b6c   Section        0  mctrlrxin.o(i.T1TempValue)
    i.T2TempValue                            0x00006b8c   Section        0  mctrlrxin.o(i.T2TempValue)
    i.TC_Panel_Calc                          0x00006bac   Section        0  mctrlrxin.o(i.TC_Panel_Calc)
    i.TIMER0_IRQHandler                      0x00006c10   Section        0  mctrlmain.o(i.TIMER0_IRQHandler)
    i.TMRConfiguration                       0x00006cf0   Section        0  drvformain.o(i.TMRConfiguration)
    i.UART1_IRQHandler                       0x00006d38   Section        0  mappcomm.o(i.UART1_IRQHandler)
    i.UARTConfiguration                      0x00006dcc   Section        0  drvforuart.o(i.UARTConfiguration)
    i.__ARM_common_switch8                   0x00006df4   Section        0  system_cms32m67xx.o(i.__ARM_common_switch8)
    i.drvLightLed                            0x00006e10   Section        0  drvforpanel.o(i.drvLightLed)
    i.main                                   0x00006e74   Section        0  mappmain.o(i.main)
    x$fpl$fadd                               0x00007128   Section      140  faddsub.o(x$fpl$fadd)
    _fadd1                                   0x00007135   Thumb Code     0  faddsub.o(x$fpl$fadd)
    x$fpl$fleqf                              0x000071b4   Section       84  flef.o(x$fpl$fleqf)
    x$fpl$fmul                               0x00007208   Section      176  fmul.o(x$fpl$fmul)
    x$fpl$fsub                               0x000072b8   Section      208  faddsub.o(x$fpl$fsub)
    _fsub1                                   0x000072c5   Thumb Code     0  faddsub.o(x$fpl$fsub)
    .constdata                               0x00007388   Section       32  mappcode.o(.constdata)
    x$fpl$usenofp                            0x00007388   Section        0  usenofp.o(x$fpl$usenofp)
    .constdata                               0x000073a8   Section       21  mappshow.o(.constdata)
    .constdata                               0x000073c0   Section    26288  mctrlrxin.o(.constdata)
    .constdata                               0x0000da70   Section      128  ddiv.o(.constdata)
    ddiv_reciptbl                            0x0000da70   Data         128  ddiv.o(.constdata)
    .data                                    0x20000000   Section       12  system_cms32m67xx.o(.data)
    .data                                    0x2000000c   Section        1  drvforpanel.o(.data)
    count                                    0x2000000c   Data           1  drvforpanel.o(.data)
    .data                                    0x2000000e   Section      432  mappcode.o(.data)
    .data                                    0x200001c0   Section      216  mappmenu.o(.data)
    .data                                    0x20000298   Section        5  mappshow.o(.data)
    .data                                    0x200002a0   Section        4  mappcomm.o(.data)
    .data                                    0x200002a4   Section      102  mctrlrxin.o(.data)
    Tmr                                      0x20000300   Data           1  mctrlrxin.o(.data)
    count                                    0x20000301   Data           1  mctrlrxin.o(.data)
    index                                    0x20000302   Data           1  mctrlrxin.o(.data)
    sum                                      0x20000304   Data           4  mctrlrxin.o(.data)
    out_value                                0x20000308   Data           2  mctrlrxin.o(.data)
    .data                                    0x2000030a   Section        5  mctrlxnin.o(.data)
    .bss                                     0x20000310   Section       19  drvforpanel.o(.bss)
    .bss                                     0x20000324   Section      172  mappmain.o(.bss)
    .bss                                     0x200003d0   Section      152  mappcode.o(.bss)
    .bss                                     0x20000468   Section       38  mappmenu.o(.bss)
    .bss                                     0x20000490   Section      368  mappcomm.o(.bss)
    .bss                                     0x20000600   Section      108  mcfuncpid.o(.bss)
    .bss                                     0x2000066c   Section       32  mctrlmain.o(.bss)
    .bss                                     0x2000068c   Section       44  mctrltemp.o(.bss)
    .bss                                     0x200006b8   Section      234  mctrlrxin.o(.bss)
    buffer                                   0x20000794   Data          14  mctrlrxin.o(.bss)
    .bss                                     0x200007a4   Section       96  libspace.o(.bss)
    HEAP                                     0x20000808   Section      256  startup_cms32m67xx.o(HEAP)
    Heap_Mem                                 0x20000808   Data         256  startup_cms32m67xx.o(HEAP)
    STACK                                    0x20000908   Section     1024  startup_cms32m67xx.o(STACK)
    Stack_Mem                                0x20000908   Data        1024  startup_cms32m67xx.o(STACK)
    __initial_sp                             0x20000d08   Data           0  startup_cms32m67xx.o(STACK)

    Global Symbols

    Symbol Name                              Value     Ov Type        Size  Object(Section)

    BuildAttributes$$THM_ISAv3M$S$PE$A:L22$X:L11$S22$IEEE1$IW$USESV6$~STKCKD$USESV7$~SHL$OSPACE$ROPI$EBA8$UX$STANDARDLIB$REQ8$PRES8$EABIv2 0x00000000   Number         0  anon$$obj.o ABSOLUTE
    __ARM_use_no_argv                        0x00000000   Number         0  mappmain.o ABSOLUTE
    __Vectors                                0x00000000   Data           4  startup_cms32m67xx.o(RESET)
    __ARM_exceptions_init                     - Undefined Weak Reference
    __alloca_initialize                       - Undefined Weak Reference
    __arm_fini_                               - Undefined Weak Reference
    __arm_preinit_                            - Undefined Weak Reference
    __cpp_initialize__aeabi_                  - Undefined Weak Reference
    __cxa_finalize                            - Undefined Weak Reference
    __rt_locale                               - Undefined Weak Reference
    __sigvec_lookup                           - Undefined Weak Reference
    _atexit_init                              - Undefined Weak Reference
    _call_atexit_fns                          - Undefined Weak Reference
    _clock_init                               - Undefined Weak Reference
    _fp_trap_init                             - Undefined Weak Reference
    _fp_trap_shutdown                         - Undefined Weak Reference
    _get_lc_collate                           - Undefined Weak Reference
    _get_lc_ctype                             - Undefined Weak Reference
    _get_lc_monetary                          - Undefined Weak Reference
    _get_lc_numeric                           - Undefined Weak Reference
    _get_lc_time                              - Undefined Weak Reference
    _getenv_init                              - Undefined Weak Reference
    _handle_redirection                       - Undefined Weak Reference
    _init_alloc                               - Undefined Weak Reference
    _init_user_alloc                          - Undefined Weak Reference
    _initio                                   - Undefined Weak Reference
    _rand_init                                - Undefined Weak Reference
    _signal_finish                            - Undefined Weak Reference
    _signal_init                              - Undefined Weak Reference
    _terminate_alloc                          - Undefined Weak Reference
    _terminate_user_alloc                     - Undefined Weak Reference
    _terminateio                              - Undefined Weak Reference
    user_opt_data                            0x000000c0   Data           4  system_cms32m67xx.o(.ARM.__AT_0x000000C0)
    __main                                   0x000000c5   Thumb Code     8  __main.o(!!!main)
    __scatterload                            0x000000cd   Thumb Code     0  __scatter.o(!!!scatter)
    __scatterload_rt2                        0x000000cd   Thumb Code    52  __scatter.o(!!!scatter)
    __scatterload_rt2_thumb_only             0x000000cd   Thumb Code     0  __scatter.o(!!!scatter)
    __scatterload_null                       0x000000dd   Thumb Code     0  __scatter.o(!!!scatter)
    __scatterload_zeroinit                   0x00000109   Thumb Code    28  __scatter_zi.o(!!handler_zi)
    __rt_lib_init                            0x00000125   Thumb Code     0  libinit.o(.ARM.Collect$$libinit$$00000000)
    __rt_lib_init_alloca_1                   0x00000127   Thumb Code     0  libinit2.o(.ARM.Collect$$libinit$$0000002E)
    __rt_lib_init_argv_1                     0x00000127   Thumb Code     0  libinit2.o(.ARM.Collect$$libinit$$0000002C)
    __rt_lib_init_atexit_1                   0x00000127   Thumb Code     0  libinit2.o(.ARM.Collect$$libinit$$0000001B)
    __rt_lib_init_clock_1                    0x00000127   Thumb Code     0  libinit2.o(.ARM.Collect$$libinit$$00000021)
    __rt_lib_init_cpp_1                      0x00000127   Thumb Code     0  libinit2.o(.ARM.Collect$$libinit$$00000032)
    __rt_lib_init_exceptions_1               0x00000127   Thumb Code     0  libinit2.o(.ARM.Collect$$libinit$$00000030)
    __rt_lib_init_fp_1                       0x00000127   Thumb Code     0  libinit2.o(.ARM.Collect$$libinit$$00000002)
    __rt_lib_init_fp_trap_1                  0x00000127   Thumb Code     0  libinit2.o(.ARM.Collect$$libinit$$0000001F)
    __rt_lib_init_getenv_1                   0x00000127   Thumb Code     0  libinit2.o(.ARM.Collect$$libinit$$00000023)
    __rt_lib_init_heap_1                     0x00000127   Thumb Code     0  libinit2.o(.ARM.Collect$$libinit$$0000000A)
    __rt_lib_init_lc_collate_1               0x00000127   Thumb Code     0  libinit2.o(.ARM.Collect$$libinit$$00000011)
    __rt_lib_init_lc_ctype_1                 0x00000127   Thumb Code     0  libinit2.o(.ARM.Collect$$libinit$$00000013)
    __rt_lib_init_lc_monetary_1              0x00000127   Thumb Code     0  libinit2.o(.ARM.Collect$$libinit$$00000015)
    __rt_lib_init_lc_numeric_1               0x00000127   Thumb Code     0  libinit2.o(.ARM.Collect$$libinit$$00000017)
    __rt_lib_init_lc_time_1                  0x00000127   Thumb Code     0  libinit2.o(.ARM.Collect$$libinit$$00000019)
    __rt_lib_init_preinit_1                  0x00000127   Thumb Code     0  libinit2.o(.ARM.Collect$$libinit$$00000004)
    __rt_lib_init_rand_1                     0x00000127   Thumb Code     0  libinit2.o(.ARM.Collect$$libinit$$0000000E)
    __rt_lib_init_return                     0x00000127   Thumb Code     0  libinit2.o(.ARM.Collect$$libinit$$00000033)
    __rt_lib_init_signal_1                   0x00000127   Thumb Code     0  libinit2.o(.ARM.Collect$$libinit$$0000001D)
    __rt_lib_init_stdio_1                    0x00000127   Thumb Code     0  libinit2.o(.ARM.Collect$$libinit$$00000025)
    __rt_lib_init_user_alloc_1               0x00000127   Thumb Code     0  libinit2.o(.ARM.Collect$$libinit$$0000000C)
    __rt_lib_shutdown                        0x00000129   Thumb Code     0  libshutdown.o(.ARM.Collect$$libshutdown$$00000000)
    __rt_lib_shutdown_cpp_1                  0x0000012b   Thumb Code     0  libshutdown2.o(.ARM.Collect$$libshutdown$$00000004)
    __rt_lib_shutdown_fini_1                 0x0000012b   Thumb Code     0  libshutdown2.o(.ARM.Collect$$libshutdown$$00000002)
    __rt_lib_shutdown_fp_trap_1              0x0000012b   Thumb Code     0  libshutdown2.o(.ARM.Collect$$libshutdown$$00000009)
    __rt_lib_shutdown_heap_1                 0x0000012b   Thumb Code     0  libshutdown2.o(.ARM.Collect$$libshutdown$$00000011)
    __rt_lib_shutdown_return                 0x0000012b   Thumb Code     0  libshutdown2.o(.ARM.Collect$$libshutdown$$00000012)
    __rt_lib_shutdown_signal_1               0x0000012b   Thumb Code     0  libshutdown2.o(.ARM.Collect$$libshutdown$$0000000C)
    __rt_lib_shutdown_stdio_1                0x0000012b   Thumb Code     0  libshutdown2.o(.ARM.Collect$$libshutdown$$00000006)
    __rt_lib_shutdown_user_alloc_1           0x0000012b   Thumb Code     0  libshutdown2.o(.ARM.Collect$$libshutdown$$0000000E)
    __rt_entry                               0x0000012d   Thumb Code     0  __rtentry.o(.ARM.Collect$$rtentry$$00000000)
    __rt_entry_presh_1                       0x0000012d   Thumb Code     0  __rtentry2.o(.ARM.Collect$$rtentry$$00000002)
    __rt_entry_sh                            0x0000012d   Thumb Code     0  __rtentry4.o(.ARM.Collect$$rtentry$$00000004)
    __rt_entry_li                            0x00000133   Thumb Code     0  __rtentry2.o(.ARM.Collect$$rtentry$$0000000A)
    __rt_entry_postsh_1                      0x00000133   Thumb Code     0  __rtentry2.o(.ARM.Collect$$rtentry$$00000009)
    __rt_entry_main                          0x00000137   Thumb Code     0  __rtentry2.o(.ARM.Collect$$rtentry$$0000000D)
    __rt_entry_postli_1                      0x00000137   Thumb Code     0  __rtentry2.o(.ARM.Collect$$rtentry$$0000000C)
    __rt_exit                                0x0000013f   Thumb Code     0  rtexit.o(.ARM.Collect$$rtexit$$00000000)
    __rt_exit_ls                             0x00000141   Thumb Code     0  rtexit2.o(.ARM.Collect$$rtexit$$00000003)
    __rt_exit_prels_1                        0x00000141   Thumb Code     0  rtexit2.o(.ARM.Collect$$rtexit$$00000002)
    __rt_exit_exit                           0x00000145   Thumb Code     0  rtexit2.o(.ARM.Collect$$rtexit$$00000004)
    Reset_Handler                            0x0000014d   Thumb Code     8  startup_cms32m67xx.o(.text)
    NMI_Handler                              0x00000155   Thumb Code     2  startup_cms32m67xx.o(.text)
    HardFault_Handler                        0x00000157   Thumb Code     2  startup_cms32m67xx.o(.text)
    SVC_Handler                              0x00000159   Thumb Code     2  startup_cms32m67xx.o(.text)
    PendSV_Handler                           0x0000015b   Thumb Code     2  startup_cms32m67xx.o(.text)
    Reserved_IRQHandler                      0x0000015f   Thumb Code     2  startup_cms32m67xx.o(.text)
    ACMP_IRQHandler                          0x00000161   Thumb Code     0  startup_cms32m67xx.o(.text)
    ADC_IRQHandler                           0x00000161   Thumb Code     0  startup_cms32m67xx.o(.text)
    CCP_IRQHandler                           0x00000161   Thumb Code     0  startup_cms32m67xx.o(.text)
    EPWM_IRQHandler                          0x00000161   Thumb Code     0  startup_cms32m67xx.o(.text)
    FMC_IRQHandler                           0x00000161   Thumb Code     0  startup_cms32m67xx.o(.text)
    HALL_IRQHandler                          0x00000161   Thumb Code     0  startup_cms32m67xx.o(.text)
    I2C0_IRQHandler                          0x00000161   Thumb Code     0  startup_cms32m67xx.o(.text)
    INTP0_IRQHandler                         0x00000161   Thumb Code     0  startup_cms32m67xx.o(.text)
    INTP1_IRQHandler                         0x00000161   Thumb Code     0  startup_cms32m67xx.o(.text)
    INTP2_IRQHandler                         0x00000161   Thumb Code     0  startup_cms32m67xx.o(.text)
    INTP3_IRQHandler                         0x00000161   Thumb Code     0  startup_cms32m67xx.o(.text)
    LSITIMER_IRQHandler                      0x00000161   Thumb Code     0  startup_cms32m67xx.o(.text)
    SSP0_IRQHandler                          0x00000161   Thumb Code     0  startup_cms32m67xx.o(.text)
    TIMER1_IRQHandler                        0x00000161   Thumb Code     0  startup_cms32m67xx.o(.text)
    TM00_IRQHandler                          0x00000161   Thumb Code     0  startup_cms32m67xx.o(.text)
    TM01H_IRQHandler                         0x00000161   Thumb Code     0  startup_cms32m67xx.o(.text)
    TM01_IRQHandler                          0x00000161   Thumb Code     0  startup_cms32m67xx.o(.text)
    TM02_IRQHandler                          0x00000161   Thumb Code     0  startup_cms32m67xx.o(.text)
    TM03_IRQHandler                          0x00000161   Thumb Code     0  startup_cms32m67xx.o(.text)
    UART0_IRQHandler                         0x00000161   Thumb Code     0  startup_cms32m67xx.o(.text)
    __user_initial_stackheap                 0x00000165   Thumb Code     0  startup_cms32m67xx.o(.text)
    __aeabi_uidiv                            0x00000189   Thumb Code     0  aeabi_sdiv.o(.text)
    __aeabi_uidivmod                         0x00000189   Thumb Code    20  aeabi_sdiv.o(.text)
    __aeabi_idiv                             0x0000019d   Thumb Code     0  aeabi_sdiv.o(.text)
    __aeabi_idivmod                          0x0000019d   Thumb Code   326  aeabi_sdiv.o(.text)
    __use_two_region_memory                  0x000002e3   Thumb Code     2  heapauxi.o(.text)
    __rt_heap_escrow$2region                 0x000002e5   Thumb Code     2  heapauxi.o(.text)
    __rt_heap_expand$2region                 0x000002e7   Thumb Code     2  heapauxi.o(.text)
    __aeabi_d2f                              0x000002e9   Thumb Code     0  d2f.o(.text)
    _d2f                                     0x000002e9   Thumb Code   120  d2f.o(.text)
    __aeabi_dadd                             0x0000065d   Thumb Code     0  daddsub.o(.text)
    _dadd                                    0x0000065d   Thumb Code    26  daddsub.o(.text)
    __aeabi_dsub                             0x00000677   Thumb Code     0  daddsub.o(.text)
    _dsub                                    0x00000677   Thumb Code    22  daddsub.o(.text)
    __aeabi_drsub                            0x0000068d   Thumb Code     0  daddsub.o(.text)
    _drsb                                    0x0000068d   Thumb Code    28  daddsub.o(.text)
    __aeabi_ddiv                             0x000006bd   Thumb Code     0  ddiv.o(.text)
    _ddiv                                    0x000006bd   Thumb Code  1072  ddiv.o(.text)
    _drdiv                                   0x00000aed   Thumb Code    20  ddiv.o(.text)
    __aeabi_d2iz                             0x00000b05   Thumb Code     0  dfixi.o(.text)
    _dfix                                    0x00000b05   Thumb Code    98  dfixi.o(.text)
    __aeabi_i2d_normalise                    0x00000b71   Thumb Code    66  dflti.o(.text)
    __aeabi_i2d                              0x00000bb3   Thumb Code    16  dflti.o(.text)
    _dflt                                    0x00000bb3   Thumb Code     0  dflti.o(.text)
    __aeabi_ui2d                             0x00000bc3   Thumb Code     6  dflti.o(.text)
    _dfltu                                   0x00000bc3   Thumb Code     0  dflti.o(.text)
    __aeabi_dmul                             0x00000bc9   Thumb Code     0  dmul.o(.text)
    _dmul                                    0x00000bc9   Thumb Code   558  dmul.o(.text)
    __aeabi_f2iz                             0x00000e11   Thumb Code     0  ffixi.o(.text)
    _ffix                                    0x00000e11   Thumb Code    76  ffixi.o(.text)
    __aeabi_f2uiz                            0x00000e5d   Thumb Code     0  ffixui.o(.text)
    _ffixu                                   0x00000e5d   Thumb Code    48  ffixui.o(.text)
    __aeabi_i2f_normalise                    0x00000e8d   Thumb Code    72  fflti.o(.text)
    __aeabi_i2f                              0x00000ed5   Thumb Code    16  fflti.o(.text)
    _fflt                                    0x00000ed5   Thumb Code     0  fflti.o(.text)
    __aeabi_ui2f                             0x00000ee5   Thumb Code     6  fflti.o(.text)
    _ffltu                                   0x00000ee5   Thumb Code     0  fflti.o(.text)
    __fpl_fcmp_InfNaN                        0x00000eed   Thumb Code    96  fcmpin.o(.text)
    __fpl_cmpreturn                          0x00000f51   Thumb Code    46  cmpret.o(.text)
    __fpl_fcheck_NaN2                        0x00000f81   Thumb Code    10  fnan2.o(.text)
    __user_setup_stackheap                   0x00000f91   Thumb Code    62  sys_stackheap_outer.o(.text)
    exit                                     0x00000fcf   Thumb Code    16  exit.o(.text)
    __fpl_return_NaN                         0x00000fdf   Thumb Code    94  retnan.o(.text)
    __user_libspace                          0x0000103d   Thumb Code     8  libspace.o(.text)
    __user_perproc_libspace                  0x0000103d   Thumb Code     0  libspace.o(.text)
    __user_perthread_libspace                0x0000103d   Thumb Code     0  libspace.o(.text)
    _sys_exit                                0x00001045   Thumb Code     8  sys_exit.o(.text)
    __I$use$semihosting                      0x00001051   Thumb Code     0  use_no_semi.o(.text)
    __use_no_semihosting_swi                 0x00001051   Thumb Code     2  use_no_semi.o(.text)
    __decompress                             0x00001053   Thumb Code     0  __dczerorl2.o(.text)
    __decompress1                            0x00001053   Thumb Code    86  __dczerorl2.o(.text)
    __semihosting_library_function           0x00001053   Thumb Code     0  indicate_semi.o(.text)
    ADCConfiguration                         0x000010a9   Thumb Code    52  drvforadc.o(i.ADCConfiguration)
    ADCPanelUpdate                           0x000010e5   Thumb Code     8  mctrlrxin.o(i.ADCPanelUpdate)
    ADC_Start                                0x000010ed   Thumb Code    24  drvforadc.o(i.ADC_Start)
    CCPConfiguration                         0x00001109   Thumb Code    74  drvforccp.o(i.CCPConfiguration)
    CLK_GetHocoFreq                          0x0000115d   Thumb Code   100  system_cms32m67xx.o(i.CLK_GetHocoFreq)
    CalcCRCChksum                            0x000011f5   Thumb Code    58  mappcomm.o(i.CalcCRCChksum)
    CalcCoolTmpOutput                        0x00001239   Thumb Code   246  mctrlmain.o(i.CalcCoolTmpOutput)
    CalcHeatTmpOutput                        0x00001349   Thumb Code   246  mctrlmain.o(i.CalcHeatTmpOutput)
    CalcLRCChksum                            0x00001459   Thumb Code    40  mappcomm.o(i.CalcLRCChksum)
    CalcPicFunc                              0x00001481   Thumb Code   162  mcfuncpid.o(i.CalcPicFunc)
    CalcPoint                                0x00001523   Thumb Code    26  mctrlrxin.o(i.CalcPoint)
    CalcTempRamp                             0x0000153d   Thumb Code    90  mctrltemp.o(i.CalcTempRamp)
    CalcTempValue                            0x00001599   Thumb Code   398  mctrlrxin.o(i.CalcTempValue)
    CheckTableN                              0x00001739   Thumb Code   260  mctrlrxin.o(i.CheckTableN)
    CheckTableP                              0x00001849   Thumb Code   264  mctrlrxin.o(i.CheckTableP)
    DispErrorCode                            0x0000195d   Thumb Code   146  mappshow.o(i.DispErrorCode)
    DispMenuEnd                              0x00001a09   Thumb Code    60  mappshow.o(i.DispMenuEnd)
    DispMenuFunc                             0x00001a51   Thumb Code   146  mappshow.o(i.DispMenuFunc)
    DispMenuNum1                             0x00001af5   Thumb Code   100  mappshow.o(i.DispMenuNum1)
    DispMenuNum2                             0x00001b65   Thumb Code   100  mappshow.o(i.DispMenuNum2)
    DispMenuOff1                             0x00001bd5   Thumb Code    18  mappshow.o(i.DispMenuOff1)
    DispMenuOff2                             0x00001bf1   Thumb Code    18  mappshow.o(i.DispMenuOff2)
    DispMenuPswd                             0x00001c0d   Thumb Code   114  mappshow.o(i.DispMenuPswd)
    DispShowFrc1                             0x00001c91   Thumb Code   100  mappshow.o(i.DispShowFrc1)
    DispShowFrc2                             0x00001d09   Thumb Code   100  mappshow.o(i.DispShowFrc2)
    DispShowNum1                             0x00001d81   Thumb Code   138  mappshow.o(i.DispShowNum1)
    DispShowNum2                             0x00001e19   Thumb Code   138  mappshow.o(i.DispShowNum2)
    Do485Time10MS                            0x00001eb1   Thumb Code    36  mappcomm.o(i.Do485Time10MS)
    DoLedBitScan                             0x00001ed9   Thumb Code   202  mappshow.o(i.DoLedBitScan)
    DoLedKeyScan                             0x00001fad   Thumb Code  1050  drvforpanel.o(i.DoLedKeyScan)
    DoMainCtrlLoop                           0x000023cd   Thumb Code   342  mctrlmain.o(i.DoMainCtrlLoop)
    DoModbusAscciiCmd                        0x00002535   Thumb Code   138  mappcomm.o(i.DoModbusAscciiCmd)
    DoModbusRTUCmd                           0x000025c5   Thumb Code   140  mappcomm.o(i.DoModbusRTUCmd)
    DoModbusScan                             0x00002655   Thumb Code   654  mappcomm.o(i.DoModbusScan)
    DoReadnRegister1                         0x000028f9   Thumb Code  1064  mappcomm.o(i.DoReadnRegister1)
    DoReadnRegister2                         0x00002d25   Thumb Code  1036  mappcomm.o(i.DoReadnRegister2)
    DoSave1FromComm                          0x00003131   Thumb Code   164  mappmenu.o(i.DoSave1FromComm)
    DoSavenFromComm                          0x000031e5   Thumb Code   214  mappmenu.o(i.DoSavenFromComm)
    DoSendData                               0x000032cd   Thumb Code    46  mappcomm.o(i.DoSendData)
    DoWarnAutoReset                          0x00003309   Thumb Code   160  mctrlwarn.o(i.DoWarnAutoReset)
    DoWrite1Register1                        0x000033b5   Thumb Code   430  mappcomm.o(i.DoWrite1Register1)
    DoWrite1Register2                        0x00003571   Thumb Code   604  mappcomm.o(i.DoWrite1Register2)
    DoWritenRegister1                        0x000037f5   Thumb Code   336  mappcomm.o(i.DoWritenRegister1)
    DoWritenRegister2                        0x0000394d   Thumb Code   284  mappcomm.o(i.DoWritenRegister2)
    DoXnScanLoop                             0x00003a71   Thumb Code   210  mctrlxnin.o(i.DoXnScanLoop)
    FMC_ErasePage                            0x00003b51   Thumb Code    58  drvforfmc.o(i.FMC_ErasePage)
    FMC_Program                              0x00003b91   Thumb Code    70  drvforfmc.o(i.FMC_Program)
    GPIOConfiguration                        0x00003bdd   Thumb Code   174  drvforgpio.o(i.GPIOConfiguration)
    GPIOResetOutput                          0x00003c91   Thumb Code    22  drvforgpio.o(i.GPIOResetOutput)
    GetASCiiByte                             0x00003cad   Thumb Code    26  mappcomm.o(i.GetASCiiByte)
    GetASCiiCode                             0x00003cc7   Thumb Code    22  mappcomm.o(i.GetASCiiCode)
    GetASCiiData                             0x00003cdd   Thumb Code    20  mappcomm.o(i.GetASCiiData)
    GetASCiiWord                             0x00003cf1   Thumb Code    50  mappcomm.o(i.GetASCiiWord)
    GetDotBitno                              0x00003d25   Thumb Code    16  mappcode.o(i.GetDotBitno)
    GetErrorCode                             0x00003d39   Thumb Code     6  mappmain.o(i.GetErrorCode)
    GetIfRWFlag                              0x00003d45   Thumb Code    18  mappcode.o(i.GetIfRWFlag)
    GetInnerTempFlag                         0x00003d5d   Thumb Code     6  mctrlxnin.o(i.GetInnerTempFlag)
    GetMaxPara                               0x00003d69   Thumb Code    14  mappcode.o(i.GetMaxPara)
    GetMenuIndex                             0x00003d7d   Thumb Code   128  mappcode.o(i.GetMenuIndex)
    GetMinPara                               0x00003e01   Thumb Code    14  mappcode.o(i.GetMinPara)
    GetMsgIfKeyIn                            0x00003e15   Thumb Code    22  drvforpanel.o(i.GetMsgIfKeyIn)
    GetMsgKeyCnt                             0x00003e31   Thumb Code     6  drvforpanel.o(i.GetMsgKeyCnt)
    GetMsgKeyData                            0x00003e3d   Thumb Code     6  drvforpanel.o(i.GetMsgKeyData)
    GetOutputFlag                            0x00003e49   Thumb Code     6  mctrlmain.o(i.GetOutputFlag)
    GetParaChkSum                            0x00003e55   Thumb Code    38  mappmenu.o(i.GetParaChkSum)
    GetTempFlag                              0x00003e81   Thumb Code     6  mappshow.o(i.GetTempFlag)
    InitPidParm                              0x00003e8d   Thumb Code   136  mcfuncpid.o(i.InitPidParm)
    InitTempRamp                             0x00003f29   Thumb Code   184  mctrltemp.o(i.InitTempRamp)
    LHA7918_Init                             0x00003ff1   Thumb Code   224  mctrlrxin.o(i.LHA7918_Init)
    LHA7918_LB                               0x000040fd   Thumb Code   572  mctrlrxin.o(i.LHA7918_LB)
    LHA7918_Read                             0x00004341   Thumb Code   978  mctrlrxin.o(i.LHA7918_Read)
    LHA_Config_Set                           0x00004721   Thumb Code   154  mctrlrxin.o(i.LHA_Config_Set)
    LHA_WR_Data                              0x000047dd   Thumb Code   100  drvforlha.o(i.LHA_WR_Data)
    LHA_WR_Delay                             0x00004845   Thumb Code    16  drvforlha.o(i.LHA_WR_Delay)
    LVDConfiguration                         0x00004855   Thumb Code    28  drvformain.o(i.LVDConfiguration)
    LVI_IRQHandler                           0x00004875   Thumb Code     8  mappmain.o(i.LVI_IRQHandler)
    MappMainMenu                             0x0000487d   Thumb Code    76  mappmenu.o(i.MappMainMenu)
    MappMenu100MS                            0x000048cd   Thumb Code   740  mappmenu.o(i.MappMenu100MS)
    MappMenu_Init                            0x00004bc9   Thumb Code    24  mappmenu.o(i.MappMenu_Init)
    MappPowerOn                              0x00004be5   Thumb Code   350  mappmain.o(i.MappPowerOn)
    MappTimeCnt                              0x00004d4d   Thumb Code    88  mappmain.o(i.MappTimeCnt)
    MappUxComTime                            0x00004da9   Thumb Code    22  mappcomm.o(i.MappUxComTime)
    MenuTime1000MS                           0x00004dc5   Thumb Code   164  mappmenu.o(i.MenuTime1000MS)
    Menu_MainFunc                            0x00004e75   Thumb Code   656  mappmenu.o(i.Menu_MainFunc)
    Menu_MainPswd                            0x00005115   Thumb Code   260  mappmenu.o(i.Menu_MainPswd)
    Menu_MainShow                            0x00005221   Thumb Code  1336  mappmenu.o(i.Menu_MainShow)
    Menu_SubFunc                             0x00005765   Thumb Code   488  mappmenu.o(i.Menu_SubFunc)
    NVICConfiguration                        0x00005959   Thumb Code    32  drvformain.o(i.NVICConfiguration)
    NegatArray                               0x00005a05   Thumb Code   104  mctrlrxin.o(i.NegatArray)
    PostArray                                0x00005a95   Thumb Code   112  mctrlrxin.o(i.PostArray)
    RTD_Panel_Calc                           0x00005b31   Thumb Code   358  mctrlrxin.o(i.RTD_Panel_Calc)
    ReadCodeAtRom0                           0x00005cad   Thumb Code    28  mappcode.o(i.ReadCodeAtRom0)
    ReadCodeAtRom1                           0x00005ccd   Thumb Code    28  mappcode.o(i.ReadCodeAtRom1)
    SPI_Delay                                0x00005ced   Thumb Code    16  drvforpanel.o(i.SPI_Delay)
    SYSConfiguration                         0x00005cfd   Thumb Code    44  drvformain.o(i.SYSConfiguration)
    SaveCodeAtRom0                           0x00005d31   Thumb Code    22  mappcode.o(i.SaveCodeAtRom0)
    SaveCodeAtRom1                           0x00005d4d   Thumb Code    22  mappcode.o(i.SaveCodeAtRom1)
    SaveParaToRom                            0x00005d69   Thumb Code    28  mappmenu.o(i.SaveParaToRom)
    Sensor_Mode_Select                       0x00005d8d   Thumb Code    50  drvforlha.o(i.Sensor_Mode_Select)
    SetAlamFlag                              0x00005dc9   Thumb Code    32  mappshow.o(i.SetAlamFlag)
    SetCascadeSwon                           0x00005ded   Thumb Code     8  mappmenu.o(i.SetCascadeSwon)
    SetCodeDefault                           0x00005df5   Thumb Code    26  mappcode.o(i.SetCodeDefault)
    SetCodeInitial                           0x00005e19   Thumb Code   156  mappmenu.o(i.SetCodeInitial)
    SetCommAddr                              0x00005ec1   Thumb Code     2  mappmenu.o(i.SetCommAddr)
    SetCommBaudrate                          0x00005ec5   Thumb Code   182  mappcomm.o(i.SetCommBaudrate)
    SetCommFlag                              0x00005f8d   Thumb Code     6  mappshow.o(i.SetCommFlag)
    SetCommFormat                            0x00005f99   Thumb Code     8  mappmenu.o(i.SetCommFormat)
    SetCommMode                              0x00005fa1   Thumb Code     2  mappmenu.o(i.SetCommMode)
    SetCommSpeed                             0x00005fa3   Thumb Code     8  mappmenu.o(i.SetCommSpeed)
    SetCommTimer                             0x00005fab   Thumb Code     2  mappmenu.o(i.SetCommTimer)
    SetCommXXFormat                          0x00005fad   Thumb Code    76  mappcomm.o(i.SetCommXXFormat)
    SetControlMode                           0x00006001   Thumb Code     2  mappmenu.o(i.SetControlMode)
    SetCoolAccRate                           0x00006003   Thumb Code     8  mappmenu.o(i.SetCoolAccRate)
    SetCoolAnlgErr                           0x0000600b   Thumb Code     2  mappmenu.o(i.SetCoolAnlgErr)
    SetCoolAnlgMax                           0x0000600d   Thumb Code     2  mappmenu.o(i.SetCoolAnlgMax)
    SetCoolAnlgMin                           0x0000600f   Thumb Code     2  mappmenu.o(i.SetCoolAnlgMin)
    SetCoolDecRate                           0x00006011   Thumb Code     8  mappmenu.o(i.SetCoolDecRate)
    SetCoolOutput                            0x00006019   Thumb Code    26  mappmenu.o(i.SetCoolOutput)
    SetCoolPeriod                            0x00006039   Thumb Code     8  mappmenu.o(i.SetCoolPeriod)
    SetCoolTmpToFed                          0x00006041   Thumb Code    28  mctrltemp.o(i.SetCoolTmpToFed)
    SetCoolTmpToRef                          0x00006065   Thumb Code    28  mctrltemp.o(i.SetCoolTmpToRef)
    SetCscdT2Limit                           0x00006089   Thumb Code     2  mappmenu.o(i.SetCscdT2Limit)
    SetCtrlMethod                            0x0000608d   Thumb Code    24  mappmenu.o(i.SetCtrlMethod)
    SetCtrlStyle                             0x000060a9   Thumb Code     2  mappmenu.o(i.SetCtrlStyle)
    SetDnErrWarn                             0x000060ab   Thumb Code     8  mappmenu.o(i.SetDnErrWarn)
    SetDnLmtWarn                             0x000060b3   Thumb Code     2  mappmenu.o(i.SetDnLmtWarn)
    SetErrCorrectedV                         0x000060b5   Thumb Code     2  mappmenu.o(i.SetErrCorrectedV)
    SetErrorCode                             0x000060b9   Thumb Code   332  mappmain.o(i.SetErrorCode)
    SetHeatAccRate                           0x00006215   Thumb Code     8  mappmenu.o(i.SetHeatAccRate)
    SetHeatAnlgErr                           0x0000621d   Thumb Code     2  mappmenu.o(i.SetHeatAnlgErr)
    SetHeatAnlgMax                           0x0000621f   Thumb Code     2  mappmenu.o(i.SetHeatAnlgMax)
    SetHeatAnlgMin                           0x00006221   Thumb Code     2  mappmenu.o(i.SetHeatAnlgMin)
    SetHeatCoolErr                           0x00006223   Thumb Code     8  mappmenu.o(i.SetHeatCoolErr)
    SetHeatCoolErrQv                         0x0000622d   Thumb Code    24  mctrlmain.o(i.SetHeatCoolErrQv)
    SetHeatDecRate                           0x00006251   Thumb Code     8  mappmenu.o(i.SetHeatDecRate)
    SetHeatOutput                            0x00006259   Thumb Code    26  mappmenu.o(i.SetHeatOutput)
    SetHeatPeriod                            0x00006279   Thumb Code     8  mappmenu.o(i.SetHeatPeriod)
    SetHeatTmpToFed                          0x00006281   Thumb Code    28  mctrltemp.o(i.SetHeatTmpToFed)
    SetHeatTmpToRef                          0x000062a5   Thumb Code    28  mctrltemp.o(i.SetHeatTmpToRef)
    SetInnerTemp                             0x000062c9   Thumb Code    26  mappmenu.o(i.SetInnerTemp)
    SetLockFlag                              0x000062e9   Thumb Code     6  mappshow.o(i.SetLockFlag)
    SetMnVertion                             0x000062f5   Thumb Code     2  mappmenu.o(i.SetMnVertion)
    SetOut1Flag                              0x000062f9   Thumb Code   120  mappshow.o(i.SetOut1Flag)
    SetOut2Flag                              0x00006375   Thumb Code    32  mappshow.o(i.SetOut2Flag)
    SetOutpDACxV                             0x00006399   Thumb Code    50  mctrloutp.o(i.SetOutpDACxV)
    SetOutpDC12V                             0x000063d1   Thumb Code    60  mctrloutp.o(i.SetOutpDC12V)
    SetOutpRelay                             0x00006411   Thumb Code    32  mctrloutp.o(i.SetOutpRelay)
    SetOutpTmpToRef                          0x00006435   Thumb Code    30  mctrlmain.o(i.SetOutpTmpToRef)
    SetOutputSwitch                          0x00006459   Thumb Code    82  mctrlmain.o(i.SetOutputSwitch)
    SetParaDefault                           0x000064bd   Thumb Code    34  mappmenu.o(i.SetParaDefault)
    SetParameterCode                         0x000064e5   Thumb Code   102  mappmenu.o(i.SetParameterCode)
    SetRstDefault                            0x00006559   Thumb Code    16  mappmenu.o(i.SetRstDefault)
    SetRxINTmpToFed                          0x0000656d   Thumb Code    36  mctrlmain.o(i.SetRxINTmpToFed)
    SetRxINTmpToSub                          0x00006599   Thumb Code    80  mctrlmain.o(i.SetRxINTmpToSub)
    SetSensorType                            0x000065f5   Thumb Code   386  mappmenu.o(i.SetSensorType)
    SetSwVertion                             0x00006789   Thumb Code     2  mappmenu.o(i.SetSwVertion)
    SetTempFlag                              0x0000678d   Thumb Code     6  mappshow.o(i.SetTempFlag)
    SetTemperatxUnit                         0x00006799   Thumb Code   126  mappmenu.o(i.SetTemperatxUnit)
    SetTmpDnLimit                            0x0000681d   Thumb Code   250  mappmenu.o(i.SetTmpDnLimit)
    SetTmpSetLock                            0x0000691d   Thumb Code    24  mappmenu.o(i.SetTmpSetLock)
    SetTmpUpLimit                            0x00006939   Thumb Code   250  mappmenu.o(i.SetTmpUpLimit)
    SetUpDnErrWarnQv                         0x00006a39   Thumb Code    44  mctrlwarn.o(i.SetUpDnErrWarnQv)
    SetUpErrWarn                             0x00006a71   Thumb Code     8  mappmenu.o(i.SetUpErrWarn)
    SetUpLmtWarn                             0x00006a79   Thumb Code     2  mappmenu.o(i.SetUpLmtWarn)
    SetWarnReset                             0x00006a7b   Thumb Code     2  mappmenu.o(i.SetWarnReset)
    SetWarnSwitch                            0x00006a7d   Thumb Code     2  mappmenu.o(i.SetWarnSwitch)
    SetXRunSwitch                            0x00006a7f   Thumb Code     2  mappmenu.o(i.SetXRunSwitch)
    SetqPID01Kd                              0x00006a81   Thumb Code     8  mappmenu.o(i.SetqPID01Kd)
    SetqPID01Ki                              0x00006a89   Thumb Code     8  mappmenu.o(i.SetqPID01Ki)
    SetqPID01Kp                              0x00006a91   Thumb Code     8  mappmenu.o(i.SetqPID01Kp)
    SetqPID02Kd                              0x00006a99   Thumb Code     8  mappmenu.o(i.SetqPID02Kd)
    SetqPID02Ki                              0x00006aa1   Thumb Code     8  mappmenu.o(i.SetqPID02Ki)
    SetqPID02Kp                              0x00006aa9   Thumb Code     8  mappmenu.o(i.SetqPID02Kp)
    SetqPID11Kd                              0x00006ab1   Thumb Code     8  mappmenu.o(i.SetqPID11Kd)
    SetqPID11Ki                              0x00006ab9   Thumb Code     8  mappmenu.o(i.SetqPID11Ki)
    SetqPID11Kp                              0x00006ac1   Thumb Code     8  mappmenu.o(i.SetqPID11Kp)
    SysTick_Handler                          0x00006ac9   Thumb Code    12  mappmain.o(i.SysTick_Handler)
    SystemInit                               0x00006ad9   Thumb Code   116  system_cms32m67xx.o(i.SystemInit)
    T1TempValue                              0x00006b6d   Thumb Code    28  mctrlrxin.o(i.T1TempValue)
    T2TempValue                              0x00006b8d   Thumb Code    28  mctrlrxin.o(i.T2TempValue)
    TC_Panel_Calc                            0x00006bad   Thumb Code    88  mctrlrxin.o(i.TC_Panel_Calc)
    TIMER0_IRQHandler                        0x00006c11   Thumb Code   214  mctrlmain.o(i.TIMER0_IRQHandler)
    TMRConfiguration                         0x00006cf1   Thumb Code    54  drvformain.o(i.TMRConfiguration)
    UART1_IRQHandler                         0x00006d39   Thumb Code   138  mappcomm.o(i.UART1_IRQHandler)
    UARTConfiguration                        0x00006dcd   Thumb Code    30  drvforuart.o(i.UARTConfiguration)
    __ARM_common_switch8                     0x00006df5   Thumb Code    28  system_cms32m67xx.o(i.__ARM_common_switch8)
    drvLightLed                              0x00006e11   Thumb Code    94  drvforpanel.o(i.drvLightLed)
    main                                     0x00006e75   Thumb Code   654  mappmain.o(i.main)
    __aeabi_fadd                             0x00007129   Thumb Code     0  faddsub.o(x$fpl$fadd)
    _fadd                                    0x00007129   Thumb Code   134  faddsub.o(x$fpl$fadd)
    __aeabi_cfcmple                          0x000071b5   Thumb Code     0  flef.o(x$fpl$fleqf)
    _fcmple                                  0x000071b5   Thumb Code    78  flef.o(x$fpl$fleqf)
    __aeabi_fmul                             0x00007209   Thumb Code     0  fmul.o(x$fpl$fmul)
    _fmul                                    0x00007209   Thumb Code   172  fmul.o(x$fpl$fmul)
    __aeabi_fsub                             0x000072b9   Thumb Code     0  faddsub.o(x$fpl$fsub)
    _fsub                                    0x000072b9   Thumb Code   204  faddsub.o(x$fpl$fsub)
    WarnOutSwTab                             0x00007388   Data          32  mappcode.o(.constdata)
    __I$use$fp                               0x00007388   Number         0  usenofp.o(x$fpl$usenofp)
    strNo                                    0x000073a8   Data          10  mappshow.o(.constdata)
    strCh                                    0x000073b2   Data          11  mappshow.o(.constdata)
    k_type_p                                 0x000073c0   Data        2746  mctrlrxin.o(.constdata)
    k_type_n                                 0x00007e7a   Data         542  mctrlrxin.o(.constdata)
    e_type_p                                 0x00008098   Data        1602  mctrlrxin.o(.constdata)
    e_type_n                                 0x000086da   Data         542  mctrlrxin.o(.constdata)
    j_type_p                                 0x000088f8   Data        2204  mctrlrxin.o(.constdata)
    j_type_n                                 0x00009194   Data         422  mctrlrxin.o(.constdata)
    t_type_p                                 0x0000933a   Data         802  mctrlrxin.o(.constdata)
    t_type_n                                 0x0000965c   Data         542  mctrlrxin.o(.constdata)
    n_type_p                                 0x0000987a   Data        2602  mctrlrxin.o(.constdata)
    n_type_n                                 0x0000a2a4   Data         542  mctrlrxin.o(.constdata)
    s_type_p                                 0x0000a4c2   Data        3538  mctrlrxin.o(.constdata)
    s_type_n                                 0x0000b294   Data         102  mctrlrxin.o(.constdata)
    r_type_p                                 0x0000b2fa   Data        3538  mctrlrxin.o(.constdata)
    r_type_n                                 0x0000c0cc   Data         102  mctrlrxin.o(.constdata)
    b_type_p                                 0x0000c132   Data        3542  mctrlrxin.o(.constdata)
    pt100_p                                  0x0000cf08   Data        1322  mctrlrxin.o(.constdata)
    pt100_n                                  0x0000d432   Data         402  mctrlrxin.o(.constdata)
    ni120_p                                  0x0000d5c4   Data         620  mctrlrxin.o(.constdata)
    ni120_n                                  0x0000d830   Data         160  mctrlrxin.o(.constdata)
    ntc_type_p                               0x0000d8d0   Data         252  mctrlrxin.o(.constdata)
    ntc_type_n                               0x0000d9cc   Data         164  mctrlrxin.o(.constdata)
    Region$$Table$$Base                      0x0000daf0   Number         0  anon$$obj.o(Region$$Table)
    Region$$Table$$Limit                     0x0000db10   Number         0  anon$$obj.o(Region$$Table)
    SystemCoreClock                          0x20000000   Data           4  system_cms32m67xx.o(.data)
    SystemAPBClock                           0x20000004   Data           4  system_cms32m67xx.o(.data)
    CyclesPerUs                              0x20000008   Data           4  system_cms32m67xx.o(.data)
    ParaCodeTAB                              0x2000000e   Data         432  mappcode.o(.data)
    MenuSettingFunc                          0x200001c0   Data         216  mappmenu.o(.data)
    tShowBit                                 0x20000298   Data           5  mappshow.o(.data)
    pAscciiWd                                0x200002a0   Data           4  mappcomm.o(.data)
    RxTempRange                              0x200002a4   Data          44  mctrlrxin.o(.data)
    arrPlenth                                0x200002d0   Data          24  mctrlrxin.o(.data)
    arrNlenth                                0x200002e8   Data          24  mctrlrxin.o(.data)
    tXnFilter                                0x2000030a   Data           5  mctrlxnin.o(.data)
    dtScan                                   0x20000310   Data          10  drvforpanel.o(.bss)
    gLedBuff                                 0x2000031a   Data           9  drvforpanel.o(.bss)
    dtSysTime                                0x20000324   Data          11  mappmain.o(.bss)
    dtMain                                   0x20000330   Data         160  mappmain.o(.bss)
    gParcode                                 0x200003d0   Data         112  mappcode.o(.bss)
    gEncryption                              0x20000440   Data          40  mappcode.o(.bss)
    stMenu                                   0x20000468   Data          38  mappmenu.o(.bss)
    dtComm                                   0x20000490   Data         368  mappcomm.o(.bss)
    tHeatPic                                 0x20000600   Data          36  mcfuncpid.o(.bss)
    tCoolPic                                 0x20000624   Data          36  mcfuncpid.o(.bss)
    tSubT2Pic                                0x20000648   Data          36  mcfuncpid.o(.bss)
    tCtrlOutParm                             0x2000066c   Data          32  mctrlmain.o(.bss)
    tHeatRamp                                0x2000068c   Data          22  mctrltemp.o(.bss)
    tCoolRamp                                0x200006a2   Data          22  mctrltemp.o(.bss)
    LHAData                                  0x200006b8   Data         120  mctrlrxin.o(.bss)
    ADCData                                  0x20000730   Data          44  mctrlrxin.o(.bss)
    GainErrorData                            0x2000075c   Data          12  mctrlrxin.o(.bss)
    CALData                                  0x20000768   Data          16  mctrlrxin.o(.bss)
    CONVData                                 0x20000778   Data          28  mctrlrxin.o(.bss)
    __libspace_start                         0x200007a4   Data          96  libspace.o(.bss)
    __temporary_stack_top$libspace           0x20000804   Data           0  libspace.o(.bss)



==============================================================================

Memory Map of the image

  Image Entry point : 0x000000c5

  Load Region LR_IROM1 (Base: 0x00000000, Size: 0x0000de20, Max: 0x00020000, ABSOLUTE, COMPRESSED[0x0000dc98])

    Execution Region ER_IROM1 (Exec base: 0x00000000, Load base: 0x00000000, Size: 0x0000db10, Max: 0x00020000, ABSOLUTE)

    Exec Addr    Load Addr    Size         Type   Attr      Idx    E Section Name        Object

    0x00000000   0x00000000   0x000000c0   Data   RO           65    RESET               startup_cms32m67xx.o
    0x000000c0   0x000000c0   0x00000004   Data   RO            6    .ARM.__AT_0x000000C0  system_cms32m67xx.o
    0x000000c4   0x000000c4   0x00000008   Code   RO         1812  * !!!main             c_p.l(__main.o)
    0x000000cc   0x000000cc   0x0000003c   Code   RO         2030    !!!scatter          c_p.l(__scatter.o)
    0x00000108   0x00000108   0x0000001c   Code   RO         2032    !!handler_zi        c_p.l(__scatter_zi.o)
    0x00000124   0x00000124   0x00000002   Code   RO         1893    .ARM.Collect$$libinit$$00000000  c_p.l(libinit.o)
    0x00000126   0x00000126   0x00000000   Code   RO         1909    .ARM.Collect$$libinit$$00000002  c_p.l(libinit2.o)
    0x00000126   0x00000126   0x00000000   Code   RO         1911    .ARM.Collect$$libinit$$00000004  c_p.l(libinit2.o)
    0x00000126   0x00000126   0x00000000   Code   RO         1914    .ARM.Collect$$libinit$$0000000A  c_p.l(libinit2.o)
    0x00000126   0x00000126   0x00000000   Code   RO         1916    .ARM.Collect$$libinit$$0000000C  c_p.l(libinit2.o)
    0x00000126   0x00000126   0x00000000   Code   RO         1918    .ARM.Collect$$libinit$$0000000E  c_p.l(libinit2.o)
    0x00000126   0x00000126   0x00000000   Code   RO         1921    .ARM.Collect$$libinit$$00000011  c_p.l(libinit2.o)
    0x00000126   0x00000126   0x00000000   Code   RO         1923    .ARM.Collect$$libinit$$00000013  c_p.l(libinit2.o)
    0x00000126   0x00000126   0x00000000   Code   RO         1925    .ARM.Collect$$libinit$$00000015  c_p.l(libinit2.o)
    0x00000126   0x00000126   0x00000000   Code   RO         1927    .ARM.Collect$$libinit$$00000017  c_p.l(libinit2.o)
    0x00000126   0x00000126   0x00000000   Code   RO         1929    .ARM.Collect$$libinit$$00000019  c_p.l(libinit2.o)
    0x00000126   0x00000126   0x00000000   Code   RO         1931    .ARM.Collect$$libinit$$0000001B  c_p.l(libinit2.o)
    0x00000126   0x00000126   0x00000000   Code   RO         1933    .ARM.Collect$$libinit$$0000001D  c_p.l(libinit2.o)
    0x00000126   0x00000126   0x00000000   Code   RO         1935    .ARM.Collect$$libinit$$0000001F  c_p.l(libinit2.o)
    0x00000126   0x00000126   0x00000000   Code   RO         1937    .ARM.Collect$$libinit$$00000021  c_p.l(libinit2.o)
    0x00000126   0x00000126   0x00000000   Code   RO         1939    .ARM.Collect$$libinit$$00000023  c_p.l(libinit2.o)
    0x00000126   0x00000126   0x00000000   Code   RO         1941    .ARM.Collect$$libinit$$00000025  c_p.l(libinit2.o)
    0x00000126   0x00000126   0x00000000   Code   RO         1945    .ARM.Collect$$libinit$$0000002C  c_p.l(libinit2.o)
    0x00000126   0x00000126   0x00000000   Code   RO         1947    .ARM.Collect$$libinit$$0000002E  c_p.l(libinit2.o)
    0x00000126   0x00000126   0x00000000   Code   RO         1949    .ARM.Collect$$libinit$$00000030  c_p.l(libinit2.o)
    0x00000126   0x00000126   0x00000000   Code   RO         1951    .ARM.Collect$$libinit$$00000032  c_p.l(libinit2.o)
    0x00000126   0x00000126   0x00000002   Code   RO         1952    .ARM.Collect$$libinit$$00000033  c_p.l(libinit2.o)
    0x00000128   0x00000128   0x00000002   Code   RO         1983    .ARM.Collect$$libshutdown$$00000000  c_p.l(libshutdown.o)
    0x0000012a   0x0000012a   0x00000000   Code   RO         2009    .ARM.Collect$$libshutdown$$00000002  c_p.l(libshutdown2.o)
    0x0000012a   0x0000012a   0x00000000   Code   RO         2011    .ARM.Collect$$libshutdown$$00000004  c_p.l(libshutdown2.o)
    0x0000012a   0x0000012a   0x00000000   Code   RO         2013    .ARM.Collect$$libshutdown$$00000006  c_p.l(libshutdown2.o)
    0x0000012a   0x0000012a   0x00000000   Code   RO         2016    .ARM.Collect$$libshutdown$$00000009  c_p.l(libshutdown2.o)
    0x0000012a   0x0000012a   0x00000000   Code   RO         2019    .ARM.Collect$$libshutdown$$0000000C  c_p.l(libshutdown2.o)
    0x0000012a   0x0000012a   0x00000000   Code   RO         2021    .ARM.Collect$$libshutdown$$0000000E  c_p.l(libshutdown2.o)
    0x0000012a   0x0000012a   0x00000000   Code   RO         2024    .ARM.Collect$$libshutdown$$00000011  c_p.l(libshutdown2.o)
    0x0000012a   0x0000012a   0x00000002   Code   RO         2025    .ARM.Collect$$libshutdown$$00000012  c_p.l(libshutdown2.o)
    0x0000012c   0x0000012c   0x00000000   Code   RO         1850    .ARM.Collect$$rtentry$$00000000  c_p.l(__rtentry.o)
    0x0000012c   0x0000012c   0x00000000   Code   RO         1859    .ARM.Collect$$rtentry$$00000002  c_p.l(__rtentry2.o)
    0x0000012c   0x0000012c   0x00000006   Code   RO         1871    .ARM.Collect$$rtentry$$00000004  c_p.l(__rtentry4.o)
    0x00000132   0x00000132   0x00000000   Code   RO         1861    .ARM.Collect$$rtentry$$00000009  c_p.l(__rtentry2.o)
    0x00000132   0x00000132   0x00000004   Code   RO         1862    .ARM.Collect$$rtentry$$0000000A  c_p.l(__rtentry2.o)
    0x00000136   0x00000136   0x00000000   Code   RO         1864    .ARM.Collect$$rtentry$$0000000C  c_p.l(__rtentry2.o)
    0x00000136   0x00000136   0x00000008   Code   RO         1865    .ARM.Collect$$rtentry$$0000000D  c_p.l(__rtentry2.o)
    0x0000013e   0x0000013e   0x00000002   Code   RO         1900    .ARM.Collect$$rtexit$$00000000  c_p.l(rtexit.o)
    0x00000140   0x00000140   0x00000000   Code   RO         1956    .ARM.Collect$$rtexit$$00000002  c_p.l(rtexit2.o)
    0x00000140   0x00000140   0x00000004   Code   RO         1957    .ARM.Collect$$rtexit$$00000003  c_p.l(rtexit2.o)
    0x00000144   0x00000144   0x00000006   Code   RO         1958    .ARM.Collect$$rtexit$$00000004  c_p.l(rtexit2.o)
    0x0000014a   0x0000014a   0x00000002   PAD
    0x0000014c   0x0000014c   0x0000003c   Code   RO           66    .text               startup_cms32m67xx.o
    0x00000188   0x00000188   0x0000015a   Code   RO         1806    .text               c_p.l(aeabi_sdiv.o)
    0x000002e2   0x000002e2   0x00000006   Code   RO         1810    .text               c_p.l(heapauxi.o)
    0x000002e8   0x000002e8   0x0000007c   Code   RO         1814    .text               fz_ps.l(d2f.o)
    0x00000364   0x00000364   0x00000358   Code   RO         1816    .text               fz_ps.l(daddsub.o)
    0x000006bc   0x000006bc   0x00000448   Code   RO         1818    .text               fz_ps.l(ddiv.o)
    0x00000b04   0x00000b04   0x0000006c   Code   RO         1821    .text               fz_ps.l(dfixi.o)
    0x00000b70   0x00000b70   0x00000058   Code   RO         1823    .text               fz_ps.l(dflti.o)
    0x00000bc8   0x00000bc8   0x00000248   Code   RO         1825    .text               fz_ps.l(dmul.o)
    0x00000e10   0x00000e10   0x0000004c   Code   RO         1838    .text               fz_ps.l(ffixi.o)
    0x00000e5c   0x00000e5c   0x00000030   Code   RO         1840    .text               fz_ps.l(ffixui.o)
    0x00000e8c   0x00000e8c   0x0000005e   Code   RO         1842    .text               fz_ps.l(fflti.o)
    0x00000eea   0x00000eea   0x00000002   PAD
    0x00000eec   0x00000eec   0x00000064   Code   RO         1855    .text               fz_ps.l(fcmpin.o)
    0x00000f50   0x00000f50   0x0000002e   Code   RO         1875    .text               fz_ps.l(cmpret.o)
    0x00000f7e   0x00000f7e   0x00000002   PAD
    0x00000f80   0x00000f80   0x00000010   Code   RO         1877    .text               fz_ps.l(fnan2.o)
    0x00000f90   0x00000f90   0x0000003e   Code   RO         1879    .text               c_p.l(sys_stackheap_outer.o)
    0x00000fce   0x00000fce   0x00000010   Code   RO         1882    .text               c_p.l(exit.o)
    0x00000fde   0x00000fde   0x0000005e   Code   RO         1894    .text               fz_ps.l(retnan.o)
    0x0000103c   0x0000103c   0x00000008   Code   RO         1896    .text               c_p.l(libspace.o)
    0x00001044   0x00001044   0x0000000c   Code   RO         1953    .text               c_p.l(sys_exit.o)
    0x00001050   0x00001050   0x00000002   Code   RO         1972    .text               c_p.l(use_no_semi.o)
    0x00001052   0x00001052   0x00000000   Code   RO         1974    .text               c_p.l(indicate_semi.o)
    0x00001052   0x00001052   0x00000056   Code   RO         2028    .text               c_p.l(__dczerorl2.o)
    0x000010a8   0x000010a8   0x0000003c   Code   RO           72    i.ADCConfiguration  drvforadc.o
    0x000010e4   0x000010e4   0x00000008   Code   RO         1572    i.ADCPanelUpdate    mctrlrxin.o
    0x000010ec   0x000010ec   0x0000001c   Code   RO           74    i.ADC_Start         drvforadc.o
    0x00001108   0x00001108   0x00000054   Code   RO          111    i.CCPConfiguration  drvforccp.o
    0x0000115c   0x0000115c   0x00000098   Code   RO            3    i.CLK_GetHocoFreq   system_cms32m67xx.o
    0x000011f4   0x000011f4   0x00000044   Code   RO         1195    i.CalcCRCChksum     mappcomm.o
    0x00001238   0x00001238   0x00000110   Code   RO         1430    i.CalcCoolTmpOutput  mctrlmain.o
    0x00001348   0x00001348   0x00000110   Code   RO         1431    i.CalcHeatTmpOutput  mctrlmain.o
    0x00001458   0x00001458   0x00000028   Code   RO         1196    i.CalcLRCChksum     mappcomm.o
    0x00001480   0x00001480   0x000000a2   Code   RO         1354    i.CalcPicFunc       mcfuncpid.o
    0x00001522   0x00001522   0x0000001a   Code   RO         1574    i.CalcPoint         mctrlrxin.o
    0x0000153c   0x0000153c   0x0000005a   Code   RO         1516    i.CalcTempRamp      mctrltemp.o
    0x00001596   0x00001596   0x00000002   PAD
    0x00001598   0x00001598   0x000001a0   Code   RO         1576    i.CalcTempValue     mctrlrxin.o
    0x00001738   0x00001738   0x00000110   Code   RO         1577    i.CheckTableN       mctrlrxin.o
    0x00001848   0x00001848   0x00000114   Code   RO         1579    i.CheckTableP       mctrlrxin.o
    0x0000195c   0x0000195c   0x000000ac   Code   RO         1038    i.DispErrorCode     mappshow.o
    0x00001a08   0x00001a08   0x00000048   Code   RO         1040    i.DispMenuEnd       mappshow.o
    0x00001a50   0x00001a50   0x000000a4   Code   RO         1041    i.DispMenuFunc      mappshow.o
    0x00001af4   0x00001af4   0x00000070   Code   RO         1042    i.DispMenuNum1      mappshow.o
    0x00001b64   0x00001b64   0x00000070   Code   RO         1043    i.DispMenuNum2      mappshow.o
    0x00001bd4   0x00001bd4   0x0000001c   Code   RO         1044    i.DispMenuOff1      mappshow.o
    0x00001bf0   0x00001bf0   0x0000001c   Code   RO         1045    i.DispMenuOff2      mappshow.o
    0x00001c0c   0x00001c0c   0x00000084   Code   RO         1046    i.DispMenuPswd      mappshow.o
    0x00001c90   0x00001c90   0x00000078   Code   RO         1047    i.DispShowFrc1      mappshow.o
    0x00001d08   0x00001d08   0x00000078   Code   RO         1048    i.DispShowFrc2      mappshow.o
    0x00001d80   0x00001d80   0x00000098   Code   RO         1050    i.DispShowNum1      mappshow.o
    0x00001e18   0x00001e18   0x00000098   Code   RO         1051    i.DispShowNum2      mappshow.o
    0x00001eb0   0x00001eb0   0x00000028   Code   RO         1197    i.Do485Time10MS     mappcomm.o
    0x00001ed8   0x00001ed8   0x000000d4   Code   RO         1052    i.DoLedBitScan      mappshow.o
    0x00001fac   0x00001fac   0x00000420   Code   RO          250    i.DoLedKeyScan      drvforpanel.o
    0x000023cc   0x000023cc   0x00000168   Code   RO         1432    i.DoMainCtrlLoop    mctrlmain.o
    0x00002534   0x00002534   0x00000090   Code   RO         1198    i.DoModbusAscciiCmd  mappcomm.o
    0x000025c4   0x000025c4   0x00000090   Code   RO         1199    i.DoModbusRTUCmd    mappcomm.o
    0x00002654   0x00002654   0x000002a4   Code   RO         1200    i.DoModbusScan      mappcomm.o
    0x000028f8   0x000028f8   0x0000042c   Code   RO         1201    i.DoReadnRegister1  mappcomm.o
    0x00002d24   0x00002d24   0x0000040c   Code   RO         1202    i.DoReadnRegister2  mappcomm.o
    0x00003130   0x00003130   0x000000b4   Code   RO          597    i.DoSave1FromComm   mappmenu.o
    0x000031e4   0x000031e4   0x000000e8   Code   RO          598    i.DoSavenFromComm   mappmenu.o
    0x000032cc   0x000032cc   0x0000003c   Code   RO         1203    i.DoSendData        mappcomm.o
    0x00003308   0x00003308   0x000000ac   Code   RO         1780    i.DoWarnAutoReset   mctrlwarn.o
    0x000033b4   0x000033b4   0x000001bc   Code   RO         1204    i.DoWrite1Register1  mappcomm.o
    0x00003570   0x00003570   0x00000284   Code   RO         1205    i.DoWrite1Register2  mappcomm.o
    0x000037f4   0x000037f4   0x00000158   Code   RO         1206    i.DoWritenRegister1  mappcomm.o
    0x0000394c   0x0000394c   0x00000124   Code   RO         1207    i.DoWritenRegister2  mappcomm.o
    0x00003a70   0x00003a70   0x000000e0   Code   RO         1751    i.DoXnScanLoop      mctrlxnin.o
    0x00003b50   0x00003b50   0x00000040   Code   RO          131    i.FMC_ErasePage     drvforfmc.o
    0x00003b90   0x00003b90   0x0000004c   Code   RO          132    i.FMC_Program       drvforfmc.o
    0x00003bdc   0x00003bdc   0x000000b4   Code   RO          169    i.GPIOConfiguration  drvforgpio.o
    0x00003c90   0x00003c90   0x0000001c   Code   RO          170    i.GPIOResetOutput   drvforgpio.o
    0x00003cac   0x00003cac   0x0000001a   Code   RO         1208    i.GetASCiiByte      mappcomm.o
    0x00003cc6   0x00003cc6   0x00000016   Code   RO         1209    i.GetASCiiCode      mappcomm.o
    0x00003cdc   0x00003cdc   0x00000014   Code   RO         1210    i.GetASCiiData      mappcomm.o
    0x00003cf0   0x00003cf0   0x00000032   Code   RO         1211    i.GetASCiiWord      mappcomm.o
    0x00003d22   0x00003d22   0x00000002   PAD
    0x00003d24   0x00003d24   0x00000014   Code   RO          480    i.GetDotBitno       mappcode.o
    0x00003d38   0x00003d38   0x0000000c   Code   RO          365    i.GetErrorCode      mappmain.o
    0x00003d44   0x00003d44   0x00000018   Code   RO          482    i.GetIfRWFlag       mappcode.o
    0x00003d5c   0x00003d5c   0x0000000c   Code   RO         1752    i.GetInnerTempFlag  mctrlxnin.o
    0x00003d68   0x00003d68   0x00000014   Code   RO          483    i.GetMaxPara        mappcode.o
    0x00003d7c   0x00003d7c   0x00000084   Code   RO          484    i.GetMenuIndex      mappcode.o
    0x00003e00   0x00003e00   0x00000014   Code   RO          485    i.GetMinPara        mappcode.o
    0x00003e14   0x00003e14   0x0000001c   Code   RO          251    i.GetMsgIfKeyIn     drvforpanel.o
    0x00003e30   0x00003e30   0x0000000c   Code   RO          252    i.GetMsgKeyCnt      drvforpanel.o
    0x00003e3c   0x00003e3c   0x0000000c   Code   RO          253    i.GetMsgKeyData     drvforpanel.o
    0x00003e48   0x00003e48   0x0000000c   Code   RO         1433    i.GetOutputFlag     mctrlmain.o
    0x00003e54   0x00003e54   0x0000002c   Code   RO          599    i.GetParaChkSum     mappmenu.o
    0x00003e80   0x00003e80   0x0000000c   Code   RO         1053    i.GetTempFlag       mappshow.o
    0x00003e8c   0x00003e8c   0x0000009c   Code   RO         1356    i.InitPidParm       mcfuncpid.o
    0x00003f28   0x00003f28   0x000000c8   Code   RO         1517    i.InitTempRamp      mctrltemp.o
    0x00003ff0   0x00003ff0   0x0000010c   Code   RO         1582    i.LHA7918_Init      mctrlrxin.o
    0x000040fc   0x000040fc   0x00000244   Code   RO         1583    i.LHA7918_LB        mctrlrxin.o
    0x00004340   0x00004340   0x000003e0   Code   RO         1584    i.LHA7918_Read      mctrlrxin.o
    0x00004720   0x00004720   0x000000bc   Code   RO         1585    i.LHA_Config_Set    mctrlrxin.o
    0x000047dc   0x000047dc   0x00000068   Code   RO          333    i.LHA_WR_Data       drvforlha.o
    0x00004844   0x00004844   0x00000010   Code   RO          334    i.LHA_WR_Delay      drvforlha.o
    0x00004854   0x00004854   0x00000020   Code   RO          195    i.LVDConfiguration  drvformain.o
    0x00004874   0x00004874   0x00000008   Code   RO          366    i.LVI_IRQHandler    mappmain.o
    0x0000487c   0x0000487c   0x00000050   Code   RO          600    i.MappMainMenu      mappmenu.o
    0x000048cc   0x000048cc   0x000002fc   Code   RO          601    i.MappMenu100MS     mappmenu.o
    0x00004bc8   0x00004bc8   0x0000001c   Code   RO          602    i.MappMenu_Init     mappmenu.o
    0x00004be4   0x00004be4   0x00000168   Code   RO          367    i.MappPowerOn       mappmain.o
    0x00004d4c   0x00004d4c   0x0000005c   Code   RO          368    i.MappTimeCnt       mappmain.o
    0x00004da8   0x00004da8   0x0000001c   Code   RO         1213    i.MappUxComTime     mappcomm.o
    0x00004dc4   0x00004dc4   0x000000b0   Code   RO          603    i.MenuTime1000MS    mappmenu.o
    0x00004e74   0x00004e74   0x000002a0   Code   RO          604    i.Menu_MainFunc     mappmenu.o
    0x00005114   0x00005114   0x0000010c   Code   RO          605    i.Menu_MainPswd     mappmenu.o
    0x00005220   0x00005220   0x00000544   Code   RO          606    i.Menu_MainShow     mappmenu.o
    0x00005764   0x00005764   0x000001f4   Code   RO          607    i.Menu_SubFunc      mappmenu.o
    0x00005958   0x00005958   0x00000020   Code   RO          196    i.NVICConfiguration  drvformain.o
    0x00005978   0x00005978   0x00000014   Code   RO          197    i.NVIC_EnableIRQ    drvformain.o
    0x0000598c   0x0000598c   0x00000078   Code   RO          198    i.NVIC_SetPriority  drvformain.o
    0x00005a04   0x00005a04   0x00000090   Code   RO         1589    i.NegatArray        mctrlrxin.o
    0x00005a94   0x00005a94   0x0000009c   Code   RO         1591    i.PostArray         mctrlrxin.o
    0x00005b30   0x00005b30   0x0000017c   Code   RO         1592    i.RTD_Panel_Calc    mctrlrxin.o
    0x00005cac   0x00005cac   0x00000020   Code   RO          489    i.ReadCodeAtRom0    mappcode.o
    0x00005ccc   0x00005ccc   0x00000020   Code   RO          490    i.ReadCodeAtRom1    mappcode.o
    0x00005cec   0x00005cec   0x00000010   Code   RO          255    i.SPI_Delay         drvforpanel.o
    0x00005cfc   0x00005cfc   0x00000034   Code   RO          199    i.SYSConfiguration  drvformain.o
    0x00005d30   0x00005d30   0x0000001c   Code   RO          492    i.SaveCodeAtRom0    mappcode.o
    0x00005d4c   0x00005d4c   0x0000001c   Code   RO          493    i.SaveCodeAtRom1    mappcode.o
    0x00005d68   0x00005d68   0x00000024   Code   RO          608    i.SaveParaToRom     mappmenu.o
    0x00005d8c   0x00005d8c   0x0000003c   Code   RO          335    i.Sensor_Mode_Select  drvforlha.o
    0x00005dc8   0x00005dc8   0x00000024   Code   RO         1054    i.SetAlamFlag       mappshow.o
    0x00005dec   0x00005dec   0x00000008   Code   RO          609    i.SetCascadeSwon    mappmenu.o
    0x00005df4   0x00005df4   0x00000024   Code   RO          494    i.SetCodeDefault    mappcode.o
    0x00005e18   0x00005e18   0x000000a8   Code   RO          610    i.SetCodeInitial    mappmenu.o
    0x00005ec0   0x00005ec0   0x00000002   Code   RO          611    i.SetCommAddr       mappmenu.o
    0x00005ec2   0x00005ec2   0x00000002   PAD
    0x00005ec4   0x00005ec4   0x000000c8   Code   RO         1214    i.SetCommBaudrate   mappcomm.o
    0x00005f8c   0x00005f8c   0x0000000c   Code   RO         1055    i.SetCommFlag       mappshow.o
    0x00005f98   0x00005f98   0x00000008   Code   RO          612    i.SetCommFormat     mappmenu.o
    0x00005fa0   0x00005fa0   0x00000002   Code   RO          613    i.SetCommMode       mappmenu.o
    0x00005fa2   0x00005fa2   0x00000008   Code   RO          614    i.SetCommSpeed      mappmenu.o
    0x00005faa   0x00005faa   0x00000002   Code   RO          615    i.SetCommTimer      mappmenu.o
    0x00005fac   0x00005fac   0x00000054   Code   RO         1215    i.SetCommXXFormat   mappcomm.o
    0x00006000   0x00006000   0x00000002   Code   RO          616    i.SetControlMode    mappmenu.o
    0x00006002   0x00006002   0x00000008   Code   RO          617    i.SetCoolAccRate    mappmenu.o
    0x0000600a   0x0000600a   0x00000002   Code   RO          618    i.SetCoolAnlgErr    mappmenu.o
    0x0000600c   0x0000600c   0x00000002   Code   RO          619    i.SetCoolAnlgMax    mappmenu.o
    0x0000600e   0x0000600e   0x00000002   Code   RO          620    i.SetCoolAnlgMin    mappmenu.o
    0x00006010   0x00006010   0x00000008   Code   RO          621    i.SetCoolDecRate    mappmenu.o
    0x00006018   0x00006018   0x00000020   Code   RO          622    i.SetCoolOutput     mappmenu.o
    0x00006038   0x00006038   0x00000008   Code   RO          623    i.SetCoolPeriod     mappmenu.o
    0x00006040   0x00006040   0x00000024   Code   RO         1518    i.SetCoolTmpToFed   mctrltemp.o
    0x00006064   0x00006064   0x00000024   Code   RO         1519    i.SetCoolTmpToRef   mctrltemp.o
    0x00006088   0x00006088   0x00000002   Code   RO          624    i.SetCscdT2Limit    mappmenu.o
    0x0000608a   0x0000608a   0x00000002   PAD
    0x0000608c   0x0000608c   0x0000001c   Code   RO          625    i.SetCtrlMethod     mappmenu.o
    0x000060a8   0x000060a8   0x00000002   Code   RO          626    i.SetCtrlStyle      mappmenu.o
    0x000060aa   0x000060aa   0x00000008   Code   RO          627    i.SetDnErrWarn      mappmenu.o
    0x000060b2   0x000060b2   0x00000002   Code   RO          628    i.SetDnLmtWarn      mappmenu.o
    0x000060b4   0x000060b4   0x00000002   Code   RO          629    i.SetErrCorrectedV  mappmenu.o
    0x000060b6   0x000060b6   0x00000002   PAD
    0x000060b8   0x000060b8   0x0000015c   Code   RO          370    i.SetErrorCode      mappmain.o
    0x00006214   0x00006214   0x00000008   Code   RO          630    i.SetHeatAccRate    mappmenu.o
    0x0000621c   0x0000621c   0x00000002   Code   RO          631    i.SetHeatAnlgErr    mappmenu.o
    0x0000621e   0x0000621e   0x00000002   Code   RO          632    i.SetHeatAnlgMax    mappmenu.o
    0x00006220   0x00006220   0x00000002   Code   RO          633    i.SetHeatAnlgMin    mappmenu.o
    0x00006222   0x00006222   0x00000008   Code   RO          634    i.SetHeatCoolErr    mappmenu.o
    0x0000622a   0x0000622a   0x00000002   PAD
    0x0000622c   0x0000622c   0x00000024   Code   RO         1434    i.SetHeatCoolErrQv  mctrlmain.o
    0x00006250   0x00006250   0x00000008   Code   RO          635    i.SetHeatDecRate    mappmenu.o
    0x00006258   0x00006258   0x00000020   Code   RO          636    i.SetHeatOutput     mappmenu.o
    0x00006278   0x00006278   0x00000008   Code   RO          637    i.SetHeatPeriod     mappmenu.o
    0x00006280   0x00006280   0x00000024   Code   RO         1520    i.SetHeatTmpToFed   mctrltemp.o
    0x000062a4   0x000062a4   0x00000024   Code   RO         1521    i.SetHeatTmpToRef   mctrltemp.o
    0x000062c8   0x000062c8   0x00000020   Code   RO          638    i.SetInnerTemp      mappmenu.o
    0x000062e8   0x000062e8   0x0000000c   Code   RO         1056    i.SetLockFlag       mappshow.o
    0x000062f4   0x000062f4   0x00000002   Code   RO          639    i.SetMnVertion      mappmenu.o
    0x000062f6   0x000062f6   0x00000002   PAD
    0x000062f8   0x000062f8   0x0000007c   Code   RO         1057    i.SetOut1Flag       mappshow.o
    0x00006374   0x00006374   0x00000024   Code   RO         1058    i.SetOut2Flag       mappshow.o
    0x00006398   0x00006398   0x00000038   Code   RO         1392    i.SetOutpDACxV      mctrloutp.o
    0x000063d0   0x000063d0   0x00000040   Code   RO         1393    i.SetOutpDC12V      mctrloutp.o
    0x00006410   0x00006410   0x00000024   Code   RO         1394    i.SetOutpRelay      mctrloutp.o
    0x00006434   0x00006434   0x00000024   Code   RO         1435    i.SetOutpTmpToRef   mctrlmain.o
    0x00006458   0x00006458   0x00000064   Code   RO         1436    i.SetOutputSwitch   mctrlmain.o
    0x000064bc   0x000064bc   0x00000028   Code   RO          640    i.SetParaDefault    mappmenu.o
    0x000064e4   0x000064e4   0x00000074   Code   RO          641    i.SetParameterCode  mappmenu.o
    0x00006558   0x00006558   0x00000014   Code   RO          642    i.SetRstDefault     mappmenu.o
    0x0000656c   0x0000656c   0x0000002c   Code   RO         1437    i.SetRxINTmpToFed   mctrlmain.o
    0x00006598   0x00006598   0x0000005c   Code   RO         1438    i.SetRxINTmpToSub   mctrlmain.o
    0x000065f4   0x000065f4   0x00000194   Code   RO          643    i.SetSensorType     mappmenu.o
    0x00006788   0x00006788   0x00000002   Code   RO          644    i.SetSwVertion      mappmenu.o
    0x0000678a   0x0000678a   0x00000002   PAD
    0x0000678c   0x0000678c   0x0000000c   Code   RO         1059    i.SetTempFlag       mappshow.o
    0x00006798   0x00006798   0x00000084   Code   RO          645    i.SetTemperatxUnit  mappmenu.o
    0x0000681c   0x0000681c   0x00000100   Code   RO          646    i.SetTmpDnLimit     mappmenu.o
    0x0000691c   0x0000691c   0x0000001c   Code   RO          647    i.SetTmpSetLock     mappmenu.o
    0x00006938   0x00006938   0x00000100   Code   RO          648    i.SetTmpUpLimit     mappmenu.o
    0x00006a38   0x00006a38   0x00000038   Code   RO         1781    i.SetUpDnErrWarnQv  mctrlwarn.o
    0x00006a70   0x00006a70   0x00000008   Code   RO          649    i.SetUpErrWarn      mappmenu.o
    0x00006a78   0x00006a78   0x00000002   Code   RO          650    i.SetUpLmtWarn      mappmenu.o
    0x00006a7a   0x00006a7a   0x00000002   Code   RO          651    i.SetWarnReset      mappmenu.o
    0x00006a7c   0x00006a7c   0x00000002   Code   RO          652    i.SetWarnSwitch     mappmenu.o
    0x00006a7e   0x00006a7e   0x00000002   Code   RO          653    i.SetXRunSwitch     mappmenu.o
    0x00006a80   0x00006a80   0x00000008   Code   RO          654    i.SetqPID01Kd       mappmenu.o
    0x00006a88   0x00006a88   0x00000008   Code   RO          655    i.SetqPID01Ki       mappmenu.o
    0x00006a90   0x00006a90   0x00000008   Code   RO          656    i.SetqPID01Kp       mappmenu.o
    0x00006a98   0x00006a98   0x00000008   Code   RO          657    i.SetqPID02Kd       mappmenu.o
    0x00006aa0   0x00006aa0   0x00000008   Code   RO          658    i.SetqPID02Ki       mappmenu.o
    0x00006aa8   0x00006aa8   0x00000008   Code   RO          659    i.SetqPID02Kp       mappmenu.o
    0x00006ab0   0x00006ab0   0x00000008   Code   RO          660    i.SetqPID11Kd       mappmenu.o
    0x00006ab8   0x00006ab8   0x00000008   Code   RO          661    i.SetqPID11Ki       mappmenu.o
    0x00006ac0   0x00006ac0   0x00000008   Code   RO          662    i.SetqPID11Kp       mappmenu.o
    0x00006ac8   0x00006ac8   0x00000010   Code   RO          371    i.SysTick_Handler   mappmain.o
    0x00006ad8   0x00006ad8   0x00000094   Code   RO            5    i.SystemInit        system_cms32m67xx.o
    0x00006b6c   0x00006b6c   0x00000020   Code   RO         1593    i.T1TempValue       mctrlrxin.o
    0x00006b8c   0x00006b8c   0x00000020   Code   RO         1594    i.T2TempValue       mctrlrxin.o
    0x00006bac   0x00006bac   0x00000064   Code   RO         1595    i.TC_Panel_Calc     mctrlrxin.o
    0x00006c10   0x00006c10   0x000000e0   Code   RO         1439    i.TIMER0_IRQHandler  mctrlmain.o
    0x00006cf0   0x00006cf0   0x00000048   Code   RO          200    i.TMRConfiguration  drvformain.o
    0x00006d38   0x00006d38   0x00000094   Code   RO         1216    i.UART1_IRQHandler  mappcomm.o
    0x00006dcc   0x00006dcc   0x00000028   Code   RO          313    i.UARTConfiguration  drvforuart.o
    0x00006df4   0x00006df4   0x0000001c   Code   RO           35    i.__ARM_common_switch8  system_cms32m67xx.o
    0x00006e10   0x00006e10   0x00000064   Code   RO          256    i.drvLightLed       drvforpanel.o
    0x00006e74   0x00006e74   0x000002b4   Code   RO          372    i.main              mappmain.o
    0x00007128   0x00007128   0x0000008c   Code   RO         1829    x$fpl$fadd          fz_ps.l(faddsub.o)
    0x000071b4   0x000071b4   0x00000054   Code   RO         1844    x$fpl$fleqf         fz_ps.l(flef.o)
    0x00007208   0x00007208   0x000000b0   Code   RO         1846    x$fpl$fmul          fz_ps.l(fmul.o)
    0x000072b8   0x000072b8   0x000000d0   Code   RO         1831    x$fpl$fsub          fz_ps.l(faddsub.o)
    0x00007388   0x00007388   0x00000000   Code   RO         1857    x$fpl$usenofp       fz_ps.l(usenofp.o)
    0x00007388   0x00007388   0x00000020   Data   RO          496    .constdata          mappcode.o
    0x000073a8   0x000073a8   0x00000015   Data   RO         1060    .constdata          mappshow.o
    0x000073bd   0x000073bd   0x00000003   PAD
    0x000073c0   0x000073c0   0x000066b0   Data   RO         1599    .constdata          mctrlrxin.o
    0x0000da70   0x0000da70   0x00000080   Data   RO         1819    .constdata          fz_ps.l(ddiv.o)
    0x0000daf0   0x0000daf0   0x00000020   Data   RO         2026    Region$$Table       anon$$obj.o


    Execution Region RW_IRAM1 (Exec base: 0x20000000, Load base: 0x0000db10, Size: 0x00000d08, Max: 0x00001000, ABSOLUTE, COMPRESSED[0x00000188])

    Exec Addr    Load Addr    Size         Type   Attr      Idx    E Section Name        Object

    0x20000000   COMPRESSED   0x0000000c   Data   RW            7    .data               system_cms32m67xx.o
    0x2000000c   COMPRESSED   0x00000001   Data   RW          258    .data               drvforpanel.o
    0x2000000d   COMPRESSED   0x00000001   PAD
    0x2000000e   COMPRESSED   0x000001b0   Data   RW          497    .data               mappcode.o
    0x200001be   COMPRESSED   0x00000002   PAD
    0x200001c0   COMPRESSED   0x000000d8   Data   RW          667    .data               mappmenu.o
    0x20000298   COMPRESSED   0x00000005   Data   RW         1061    .data               mappshow.o
    0x2000029d   COMPRESSED   0x00000003   PAD
    0x200002a0   COMPRESSED   0x00000004   Data   RW         1218    .data               mappcomm.o
    0x200002a4   COMPRESSED   0x00000066   Data   RW         1600    .data               mctrlrxin.o
    0x2000030a   COMPRESSED   0x00000005   Data   RW         1753    .data               mctrlxnin.o
    0x2000030f   COMPRESSED   0x00000001   PAD
    0x20000310        -       0x00000013   Zero   RW          257    .bss                drvforpanel.o
    0x20000323   COMPRESSED   0x00000001   PAD
    0x20000324        -       0x000000ac   Zero   RW          373    .bss                mappmain.o
    0x200003d0        -       0x00000098   Zero   RW          495    .bss                mappcode.o
    0x20000468        -       0x00000026   Zero   RW          666    .bss                mappmenu.o
    0x2000048e   COMPRESSED   0x00000002   PAD
    0x20000490        -       0x00000170   Zero   RW         1217    .bss                mappcomm.o
    0x20000600        -       0x0000006c   Zero   RW         1357    .bss                mcfuncpid.o
    0x2000066c        -       0x00000020   Zero   RW         1440    .bss                mctrlmain.o
    0x2000068c        -       0x0000002c   Zero   RW         1522    .bss                mctrltemp.o
    0x200006b8        -       0x000000ea   Zero   RW         1598    .bss                mctrlrxin.o
    0x200007a2   COMPRESSED   0x00000002   PAD
    0x200007a4        -       0x00000060   Zero   RW         1897    .bss                c_p.l(libspace.o)
    0x20000804   COMPRESSED   0x00000004   PAD
    0x20000808        -       0x00000100   Zero   RW           64    HEAP                startup_cms32m67xx.o
    0x20000908        -       0x00000400   Zero   RW           63    STACK               startup_cms32m67xx.o


==============================================================================

Image component sizes


      Code (inc. data)   RO Data    RW Data    ZI Data      Debug   Object Name

        88         12          0          0          0        883   drvforadc.o
        84         10          0          0          0        463   drvforccp.o
       140         12          0          0          0       1558   drvforfmc.o
       208         12          0          0          0        942   drvforgpio.o
       180         14          0          0          0       1570   drvforlha.o
       328         46          0          0          0       9425   drvformain.o
      1224         56          0          1         19       4586   drvforpanel.o
        40         10          0          0          0        452   drvforuart.o
       372         56         32        432        152       8602   mappcode.o
      5578        278          0          4        368      15105   mappcomm.o
      1528         94          0          0        172       9075   mappmain.o
      6080        262          0        216         38      35272   mappmenu.o
      1820        232         21          5          0      11287   mappshow.o
       318         20          0          0        108       2582   mcfuncpid.o
      1448        142          0          0         32       6811   mctrlmain.o
       156         14          0          0          0       1589   mctrloutp.o
      3870        318      26288        102        234      15092   mctrlrxin.o
       434         48          0          0         44       4328   mctrltemp.o
       228         24          0          0          0       1041   mctrlwarn.o
       236         20          0          5          0       1266   mctrlxnin.o
        60         28        192          0       1280        692   startup_cms32m67xx.o
       328        108          4         12          0      71714   system_cms32m67xx.o

    ----------------------------------------------------------------------
     24764       1816      26572        784       2452     204335   Object Totals
         0          0         32          0          0          0   (incl. Generated)
        16          0          3          7          5          0   (incl. Padding)

    ----------------------------------------------------------------------

      Code (inc. data)   RO Data    RW Data    ZI Data      Debug   Library Member Name

        86          0          0          0          0          0   __dczerorl2.o
         8          0          0          0          0         68   __main.o
         0          0          0          0          0          0   __rtentry.o
        12          0          0          0          0          0   __rtentry2.o
         6          0          0          0          0          0   __rtentry4.o
        60          8          0          0          0          0   __scatter.o
        28          0          0          0          0          0   __scatter_zi.o
       346          0          0          0          0         92   aeabi_sdiv.o
        16          0          0          0          0         68   exit.o
         6          0          0          0          0        136   heapauxi.o
         0          0          0          0          0          0   indicate_semi.o
         2          0          0          0          0          0   libinit.o
         2          0          0          0          0          0   libinit2.o
         2          0          0          0          0          0   libshutdown.o
         2          0          0          0          0          0   libshutdown2.o
         8          4          0          0         96         68   libspace.o
         2          0          0          0          0          0   rtexit.o
        10          0          0          0          0          0   rtexit2.o
        12          4          0          0          0         60   sys_exit.o
        62          0          0          0          0         80   sys_stackheap_outer.o
         2          0          0          0          0         68   use_no_semi.o
        46          0          0          0          0         60   cmpret.o
       124          4          0          0          0         72   d2f.o
       856         20          0          0          0        208   daddsub.o
      1096         26        128          0          0        112   ddiv.o
       108         10          0          0          0         72   dfixi.o
        88          0          0          0          0         92   dflti.o
       584         26          0          0          0         84   dmul.o
       348          8          0          0          0        160   faddsub.o
       100          4          0          0          0         68   fcmpin.o
        76          0          0          0          0         68   ffixi.o
        48          0          0          0          0         60   ffixui.o
        94          0          0          0          0         92   fflti.o
        84          4          0          0          0         76   flef.o
       176          4          0          0          0         80   fmul.o
        16          6          0          0          0         68   fnan2.o
        94          0          0          0          0         68   retnan.o
         0          0          0          0          0          0   usenofp.o

    ----------------------------------------------------------------------
      4616        128        128          0        100       2080   Library Totals
         6          0          0          0          4          0   (incl. Padding)

    ----------------------------------------------------------------------

      Code (inc. data)   RO Data    RW Data    ZI Data      Debug   Library Name

       672         16          0          0         96        640   c_p.l
      3938        112        128          0          0       1440   fz_ps.l

    ----------------------------------------------------------------------
      4616        128        128          0        100       2080   Library Totals

    ----------------------------------------------------------------------

==============================================================================


      Code (inc. data)   RO Data    RW Data    ZI Data      Debug   

     29380       1944      26700        784       2552     197355   Grand Totals
     29380       1944      26700        392       2552     197355   ELF Image Totals (compressed)
     29380       1944      26700        392          0          0   ROM Totals

==============================================================================

    Total RO  Size (Code + RO Data)                56080 (  54.77kB)
    Total RW  Size (RW Data + ZI Data)              3336 (   3.26kB)
    Total ROM Size (Code + RO Data + RW Data)      56472 (  55.15kB)

==============================================================================

