<html>
<body>
<pre>
<h1>µVision Build Log</h1>
<h2>Tool Versions:</h2>
IDE-Version: ¶ÃVision V5.36.0.0
Copyright (C) 2021 ARM Ltd and ARM Germany GmbH. All rights reserved.
License Information: 1 1, 1, LIC=GE7DL-00UQ2-MS5YP-MQR91-FW8ZL-K82C0
 
Tool Versions:
Toolchain:       MDK-ARM Professional  Version: 5.36.0.0
Toolchain Path:  D:\Program\Keil_v5\ARM\ARMCC\Bin
C Compiler:      Armcc.exe V5.06 update 7 (build 960)
Assembler:       Armasm.exe V5.06 update 7 (build 960)
Linker/Locator:  ArmLink.exe V5.06 update 7 (build 960)
Library Manager: ArmAr.exe V5.06 update 7 (build 960)
Hex Converter:   FromElf.exe V5.06 update 7 (build 960)
CPU DLL:         SARMCM3.DLL V5.36.0.0
Dialog DLL:      DARMCM1.DLL V1.19.4.0
Target DLL:      CMSIS_AGDI.dll V1.33.0.0
Dialog DLL:      TARMCM1.DLL V1.14.4.0
 
<h2>Project:</h2>
C:\Users\ADMIN\Desktop\≤‚ ‘≥Ã–Ú\TmpControllerV07.2\KeilProject\TmpController.uvprojx
Project File Date:  08/08/2025

<h2>Output:</h2>
*** Using Compiler 'V5.06 update 7 (build 960)', folder: 'D:\Program\Keil_v5\ARM\ARMCC\Bin'
Build target 'Target 1'
compiling MCtrlRxIN.c...
linking...
Program Size: Code=29380 RO-data=26700 RW-data=784 ZI-data=2552  
FromELF: creating hex file...
".\Objects\TmpController.axf" - 0 Error(s), 0 Warning(s).

<h2>Software Packages used:</h2>

Package Vendor: Cmsemicon
                http://www.mcu.com.cn/pack/Cmsemicon.CMS32M67xx.0.1.8.pack
                Cmsemicon.CMS32M67xx.0.1.8
                Cmsemicon CMS32M67xx Device Family Pack

<h2>Collection of Component include folders:</h2>
  C:\Users\ADMIN\AppData\Local\Arm\Packs\Cmsemicon\CMS32M67xx\0.1.8\Device\Include

<h2>Collection of Component Files used:</h2>
Build Time Elapsed:  00:00:01
</pre>
</body>
</html>
